Archive member included to satisfy reference by file (symbol)

D:\Alberto\Documents\STM32CubeIDE\rsense-micro-dma-adc-freertos\lib\libarm_cortexM4lf_math.a(arm_rfft_fast_init_f32.o)
                              Core/Src/audio_fft.o (arm_rfft_fast_init_f32)
D:\Alberto\Documents\STM32CubeIDE\rsense-micro-dma-adc-freertos\lib\libarm_cortexM4lf_math.a(arm_rfft_fast_f32.o)
                              Core/Src/audio_fft.o (arm_rfft_fast_f32)
D:\Alberto\Documents\STM32CubeIDE\rsense-micro-dma-adc-freertos\lib\libarm_cortexM4lf_math.a(arm_cfft_f32.o)
                              D:\Alberto\Documents\STM32CubeIDE\rsense-micro-dma-adc-freertos\lib\libarm_cortexM4lf_math.a(arm_rfft_fast_f32.o) (arm_cfft_f32)
D:\Alberto\Documents\STM32CubeIDE\rsense-micro-dma-adc-freertos\lib\libarm_cortexM4lf_math.a(arm_cmplx_mag_f32.o)
                              Core/Src/audio_fft.o (arm_cmplx_mag_f32)
D:\Alberto\Documents\STM32CubeIDE\rsense-micro-dma-adc-freertos\lib\libarm_cortexM4lf_math.a(arm_mult_f32.o)
                              Core/Src/audio_fft.o (arm_mult_f32)
D:\Alberto\Documents\STM32CubeIDE\rsense-micro-dma-adc-freertos\lib\libarm_cortexM4lf_math.a(arm_common_tables.o)
                              D:\Alberto\Documents\STM32CubeIDE\rsense-micro-dma-adc-freertos\lib\libarm_cortexM4lf_math.a(arm_rfft_fast_init_f32.o) (twiddleCoef_rfft_4096)
D:\Alberto\Documents\STM32CubeIDE\rsense-micro-dma-adc-freertos\lib\libarm_cortexM4lf_math.a(arm_bitreversal2.o)
                              D:\Alberto\Documents\STM32CubeIDE\rsense-micro-dma-adc-freertos\lib\libarm_cortexM4lf_math.a(arm_cfft_f32.o) (arm_bitreversal_32)
D:\Alberto\Documents\STM32CubeIDE\rsense-micro-dma-adc-freertos\lib\libarm_cortexM4lf_math.a(arm_cfft_radix8_f32.o)
                              D:\Alberto\Documents\STM32CubeIDE\rsense-micro-dma-adc-freertos\lib\libarm_cortexM4lf_math.a(arm_cfft_f32.o) (arm_radix8_butterfly_f32)
d:/archivosdprograma/stm32cubeide_1.5.0/stm32cubeide/plugins/com.st.stm32cube.ide.mcu.externaltools.gnu-tools-for-stm32.7-2018-q2-update.win32_1.5.0.202011040924/tools/bin/../lib/gcc/arm-none-eabi/7.3.1/../../../../arm-none-eabi/lib/thumb/v7e-m/fpv4-sp/hard\libc_nano.a(lib_a-calloc.o)
                              Core/Src/audio_fft.o (calloc)
d:/archivosdprograma/stm32cubeide_1.5.0/stm32cubeide/plugins/com.st.stm32cube.ide.mcu.externaltools.gnu-tools-for-stm32.7-2018-q2-update.win32_1.5.0.202011040924/tools/bin/../lib/gcc/arm-none-eabi/7.3.1/../../../../arm-none-eabi/lib/thumb/v7e-m/fpv4-sp/hard\libc_nano.a(lib_a-errno.o)
                              Core/Src/syscalls.o (__errno)
d:/archivosdprograma/stm32cubeide_1.5.0/stm32cubeide/plugins/com.st.stm32cube.ide.mcu.externaltools.gnu-tools-for-stm32.7-2018-q2-update.win32_1.5.0.202011040924/tools/bin/../lib/gcc/arm-none-eabi/7.3.1/../../../../arm-none-eabi/lib/thumb/v7e-m/fpv4-sp/hard\libc_nano.a(lib_a-exit.o)
                              d:/archivosdprograma/stm32cubeide_1.5.0/stm32cubeide/plugins/com.st.stm32cube.ide.mcu.externaltools.gnu-tools-for-stm32.7-2018-q2-update.win32_1.5.0.202011040924/tools/bin/../lib/gcc/arm-none-eabi/7.3.1/../../../../arm-none-eabi/lib/thumb/v7e-m/fpv4-sp/hard/crt0.o (exit)
d:/archivosdprograma/stm32cubeide_1.5.0/stm32cubeide/plugins/com.st.stm32cube.ide.mcu.externaltools.gnu-tools-for-stm32.7-2018-q2-update.win32_1.5.0.202011040924/tools/bin/../lib/gcc/arm-none-eabi/7.3.1/../../../../arm-none-eabi/lib/thumb/v7e-m/fpv4-sp/hard\libc_nano.a(lib_a-impure.o)
                              d:/archivosdprograma/stm32cubeide_1.5.0/stm32cubeide/plugins/com.st.stm32cube.ide.mcu.externaltools.gnu-tools-for-stm32.7-2018-q2-update.win32_1.5.0.202011040924/tools/bin/../lib/gcc/arm-none-eabi/7.3.1/../../../../arm-none-eabi/lib/thumb/v7e-m/fpv4-sp/hard\libc_nano.a(lib_a-exit.o) (_global_impure_ptr)
d:/archivosdprograma/stm32cubeide_1.5.0/stm32cubeide/plugins/com.st.stm32cube.ide.mcu.externaltools.gnu-tools-for-stm32.7-2018-q2-update.win32_1.5.0.202011040924/tools/bin/../lib/gcc/arm-none-eabi/7.3.1/../../../../arm-none-eabi/lib/thumb/v7e-m/fpv4-sp/hard\libc_nano.a(lib_a-init.o)
                              d:/archivosdprograma/stm32cubeide_1.5.0/stm32cubeide/plugins/com.st.stm32cube.ide.mcu.externaltools.gnu-tools-for-stm32.7-2018-q2-update.win32_1.5.0.202011040924/tools/bin/../lib/gcc/arm-none-eabi/7.3.1/../../../../arm-none-eabi/lib/thumb/v7e-m/fpv4-sp/hard/crt0.o (__libc_init_array)
d:/archivosdprograma/stm32cubeide_1.5.0/stm32cubeide/plugins/com.st.stm32cube.ide.mcu.externaltools.gnu-tools-for-stm32.7-2018-q2-update.win32_1.5.0.202011040924/tools/bin/../lib/gcc/arm-none-eabi/7.3.1/../../../../arm-none-eabi/lib/thumb/v7e-m/fpv4-sp/hard\libc_nano.a(lib_a-memcpy-stub.o)
                              Core/Src/audio_fft.o (memcpy)
[...]
Memory Configuration

Name             Origin             Length             Attributes
RAM              0x0000000020000000 0x00000000000a0000 xrw
FLASH            0x0000000008000000 0x0000000000200000 xr
*default*        0x0000000000000000 0xffffffffffffffff

Linker script and memory map

LOAD d:/archivosdprograma/stm32cubeide_1.5.0/stm32cubeide/plugins/com.st.stm32cube.ide.mcu.externaltools.gnu-tools-for-stm32.7-2018-q2-update.win32_1.5.0.202011040924/tools/bin/../lib/gcc/arm-none-eabi/7.3.1/thumb/v7e-m/fpv4-sp/hard/crti.o
LOAD d:/archivosdprograma/stm32cubeide_1.5.0/stm32cubeide/plugins/com.st.stm32cube.ide.mcu.externaltools.gnu-tools-for-stm32.7-2018-q2-update.win32_1.5.0.202011040924/tools/bin/../lib/gcc/arm-none-eabi/7.3.1/thumb/v7e-m/fpv4-sp/hard/crtbegin.o
LOAD d:/archivosdprograma/stm32cubeide_1.5.0/stm32cubeide/plugins/com.st.stm32cube.ide.mcu.externaltools.gnu-tools-for-stm32.7-2018-q2-update.win32_1.5.0.202011040924/tools/bin/../lib/gcc/arm-none-eabi/7.3.1/../../../../arm-none-eabi/lib/thumb/v7e-m/fpv4-sp/hard/crt0.o
LOAD Core/Src/audio_fft.o
LOAD Core/Src/freertos.o
LOAD Core/Src/main.o
LOAD Core/Src/stm32l4xx_hal_msp.o
LOAD Core/Src/stm32l4xx_hal_timebase_tim.o
LOAD Core/Src/stm32l4xx_it.o
LOAD Core/Src/syscalls.o
LOAD Core/Src/sysmem.o
LOAD Core/Src/system_stm32l4xx.o
LOAD Core/Startup/startup_stm32l4r9zijx.o
LOAD Drivers/STM32L4xx_HAL_Driver/Src/stm32l4xx_hal.o
LOAD Drivers/STM32L4xx_HAL_Driver/Src/stm32l4xx_hal_adc.o
LOAD Drivers/STM32L4xx_HAL_Driver/Src/stm32l4xx_hal_adc_ex.o
LOAD Drivers/STM32L4xx_HAL_Driver/Src/stm32l4xx_hal_cortex.o
LOAD Drivers/STM32L4xx_HAL_Driver/Src/stm32l4xx_hal_dma.o
LOAD Drivers/STM32L4xx_HAL_Driver/Src/stm32l4xx_hal_dma_ex.o
LOAD Drivers/STM32L4xx_HAL_Driver/Src/stm32l4xx_hal_exti.o
LOAD Drivers/STM32L4xx_HAL_Driver/Src/stm32l4xx_hal_flash.o
LOAD Drivers/STM32L4xx_HAL_Driver/Src/stm32l4xx_hal_flash_ex.o
LOAD Drivers/STM32L4xx_HAL_Driver/Src/stm32l4xx_hal_flash_ramfunc.o
LOAD Drivers/STM32L4xx_HAL_Driver/Src/stm32l4xx_hal_gpio.o
LOAD Drivers/STM32L4xx_HAL_Driver/Src/stm32l4xx_hal_i2c.o
LOAD Drivers/STM32L4xx_HAL_Driver/Src/stm32l4xx_hal_i2c_ex.o
LOAD Drivers/STM32L4xx_HAL_Driver/Src/stm32l4xx_hal_pwr.o
LOAD Drivers/STM32L4xx_HAL_Driver/Src/stm32l4xx_hal_pwr_ex.o
LOAD Drivers/STM32L4xx_HAL_Driver/Src/stm32l4xx_hal_rcc.o
LOAD Drivers/STM32L4xx_HAL_Driver/Src/stm32l4xx_hal_rcc_ex.o
LOAD Drivers/STM32L4xx_HAL_Driver/Src/stm32l4xx_hal_tim.o
LOAD Drivers/STM32L4xx_HAL_Driver/Src/stm32l4xx_hal_tim_ex.o
LOAD Drivers/STM32L4xx_HAL_Driver/Src/stm32l4xx_hal_uart.o
LOAD Drivers/STM32L4xx_HAL_Driver/Src/stm32l4xx_hal_uart_ex.o
LOAD Middlewares/Third_Party/FreeRTOS/Source/CMSIS_RTOS/cmsis_os.o
LOAD Middlewares/Third_Party/FreeRTOS/Source/croutine.o
LOAD Middlewares/Third_Party/FreeRTOS/Source/event_groups.o
LOAD Middlewares/Third_Party/FreeRTOS/Source/list.o
LOAD Middlewares/Third_Party/FreeRTOS/Source/queue.o
LOAD Middlewares/Third_Party/FreeRTOS/Source/stream_buffer.o
LOAD Middlewares/Third_Party/FreeRTOS/Source/tasks.o
LOAD Middlewares/Third_Party/FreeRTOS/Source/timers.o
LOAD Middlewares/Third_Party/FreeRTOS/Source/portable/GCC/ARM_CM4F/port.o
LOAD Middlewares/Third_Party/FreeRTOS/Source/portable/MemMang/heap_4.o
LOAD D:\Alberto\Documents\STM32CubeIDE\rsense-micro-dma-adc-freertos\lib\libarm_cortexM4lf_math.a
START GROUP
LOAD d:/archivosdprograma/stm32cubeide_1.5.0/stm32cubeide/plugins/com.st.stm32cube.ide.mcu.externaltools.gnu-tools-for-stm32.7-2018-q2-update.win32_1.5.0.202011040924/tools/bin/../lib/gcc/arm-none-eabi/7.3.1/../../../../arm-none-eabi/lib/thumb/v7e-m/fpv4-sp/hard\libc_nano.a
LOAD d:/archivosdprograma/stm32cubeide_1.5.0/stm32cubeide/plugins/com.st.stm32cube.ide.mcu.externaltools.gnu-tools-for-stm32.7-2018-q2-update.win32_1.5.0.202011040924/tools/bin/../lib/gcc/arm-none-eabi/7.3.1/../../../../arm-none-eabi/lib/thumb/v7e-m/fpv4-sp/hard\libm.a
END GROUP
START GROUP
LOAD d:/archivosdprograma/stm32cubeide_1.5.0/stm32cubeide/plugins/com.st.stm32cube.ide.mcu.externaltools.gnu-tools-for-stm32.7-2018-q2-update.win32_1.5.0.202011040924/tools/bin/../lib/gcc/arm-none-eabi/7.3.1/thumb/v7e-m/fpv4-sp/hard\libgcc.a
LOAD d:/archivosdprograma/stm32cubeide_1.5.0/stm32cubeide/plugins/com.st.stm32cube.ide.mcu.externaltools.gnu-tools-for-stm32.7-2018-q2-update.win32_1.5.0.202011040924/tools/bin/../lib/gcc/arm-none-eabi/7.3.1/../../../../arm-none-eabi/lib/thumb/v7e-m/fpv4-sp/hard\libc_nano.a
END GROUP
START GROUP
LOAD d:/archivosdprograma/stm32cubeide_1.5.0/stm32cubeide/plugins/com.st.stm32cube.ide.mcu.externaltools.gnu-tools-for-stm32.7-2018-q2-update.win32_1.5.0.202011040924/tools/bin/../lib/gcc/arm-none-eabi/7.3.1/thumb/v7e-m/fpv4-sp/hard\libgcc.a
LOAD d:/archivosdprograma/stm32cubeide_1.5.0/stm32cubeide/plugins/com.st.stm32cube.ide.mcu.externaltools.gnu-tools-for-stm32.7-2018-q2-update.win32_1.5.0.202011040924/tools/bin/../lib/gcc/arm-none-eabi/7.3.1/../../../../arm-none-eabi/lib/thumb/v7e-m/fpv4-sp/hard\libc_nano.a
LOAD d:/archivosdprograma/stm32cubeide_1.5.0/stm32cubeide/plugins/com.st.stm32cube.ide.mcu.externaltools.gnu-tools-for-stm32.7-2018-q2-update.win32_1.5.0.202011040924/tools/bin/../lib/gcc/arm-none-eabi/7.3.1/../../../../arm-none-eabi/lib/thumb/v7e-m/fpv4-sp/hard\libnosys.a
END GROUP
START GROUP
LOAD d:/archivosdprograma/stm32cubeide_1.5.0/stm32cubeide/plugins/com.st.stm32cube.ide.mcu.externaltools.gnu-tools-for-stm32.7-2018-q2-update.win32_1.5.0.202011040924/tools/bin/../lib/gcc/arm-none-eabi/7.3.1/thumb/v7e-m/fpv4-sp/hard\libgcc.a
LOAD d:/archivosdprograma/stm32cubeide_1.5.0/stm32cubeide/plugins/com.st.stm32cube.ide.mcu.externaltools.gnu-tools-for-stm32.7-2018-q2-update.win32_1.5.0.202011040924/tools/bin/../lib/gcc/arm-none-eabi/7.3.1/../../../../arm-none-eabi/lib/thumb/v7e-m/fpv4-sp/hard\libc_nano.a
LOAD d:/archivosdprograma/stm32cubeide_1.5.0/stm32cubeide/plugins/com.st.stm32cube.ide.mcu.externaltools.gnu-tools-for-stm32.7-2018-q2-update.win32_1.5.0.202011040924/tools/bin/../lib/gcc/arm-none-eabi/7.3.1/../../../../arm-none-eabi/lib/thumb/v7e-m/fpv4-sp/hard\libnosys.a
END GROUP
LOAD d:/archivosdprograma/stm32cubeide_1.5.0/stm32cubeide/plugins/com.st.stm32cube.ide.mcu.externaltools.gnu-tools-for-stm32.7-2018-q2-update.win32_1.5.0.202011040924/tools/bin/../lib/gcc/arm-none-eabi/7.3.1/thumb/v7e-m/fpv4-sp/hard/crtend.o
LOAD d:/archivosdprograma/stm32cubeide_1.5.0/stm32cubeide/plugins/com.st.stm32cube.ide.mcu.externaltools.gnu-tools-for-stm32.7-2018-q2-update.win32_1.5.0.202011040924/tools/bin/../lib/gcc/arm-none-eabi/7.3.1/thumb/v7e-m/fpv4-sp/hard/crtn.o
                0x00000000200a0000                _estack = (ORIGIN (RAM) + LENGTH (RAM))
                0x0000000000000200                _Min_Heap_Size = 0x200
                0x0000000000000400                _Min_Stack_Size = 0x400

.isr_vector     0x0000000008000000      0x1bc
                0x0000000008000000                . = ALIGN (0x4)
 *(.isr_vector)
 .isr_vector    0x0000000008000000      0x1bc Core/Startup/startup_stm32l4r9zijx.o
                0x0000000008000000                g_pfnVectors
                0x00000000080001bc                . = ALIGN (0x4)

.text           0x00000000080001c0     0xc15c
                0x00000000080001c0                . = ALIGN (0x4)
 *(.text)
 .text          0x00000000080001c0       0x40 d:/archivosdprograma/stm32cubeide_1.5.0/stm32cubeide/plugins/com.st.stm32cube.ide.mcu.externaltools.gnu-tools-for-stm32.7-2018-q2-update.win32_1.5.0.202011040924/tools/bin/../lib/gcc/arm-none-eabi/7.3.1/thumb/v7e-m/fpv4-sp/hard/crtbegin.o
 .text          0x0000000008000200       0xc0 D:\Alberto\Documents\STM32CubeIDE\rsense-micro-dma-adc-freertos\lib\libarm_cortexM4lf_math.a(arm_bitreversal2.o)
                0x0000000008000200                arm_bitreversal_32
                0x000000000800026a                arm_bitreversal_16
 .text          0x00000000080002c0       0x10 d:/archivosdprograma/stm32cubeide_1.5.0/stm32cubeide/plugins/com.st.stm32cube.ide.mcu.externaltools.gnu-tools-for-stm32.7-2018-q2-update.win32_1.5.0.202011040924/tools/bin/../lib/gcc/arm-none-eabi/7.3.1/../../../../arm-none-eabi/lib/thumb/v7e-m/fpv4-sp/hard\libc_nano.a(lib_a-strlen.o)
                0x00000000080002c0                strlen
 .text          0x00000000080002d0      0x378 d:/archivosdprograma/stm32cubeide_1.5.0/stm32cubeide/plugins/com.st.stm32cube.ide.mcu.externaltools.gnu-tools-for-stm32.7-2018-q2-update.win32_1.5.0.202011040924/tools/bin/../lib/gcc/arm-none-eabi/7.3.1/thumb/v7e-m/fpv4-sp/hard\libgcc.a(_arm_addsubdf3.o)
                0x00000000080002d0                __aeabi_drsub
                0x00000000080002d8                __aeabi_dsub
                0x00000000080002d8                __subdf3
                0x00000000080002dc                __aeabi_dadd
                0x00000000080002dc                __adddf3
                0x0000000008000554                __floatunsidf
                0x0000000008000554                __aeabi_ui2d
                0x0000000008000574                __floatsidf
                0x0000000008000574                __aeabi_i2d
                0x0000000008000598                __aeabi_f2d
                0x0000000008000598                __extendsfdf2
                0x00000000080005dc                __floatundidf
                0x00000000080005dc                __aeabi_ul2d
                0x00000000080005ec                __floatdidf
                0x00000000080005ec                __aeabi_l2d
 .text          0x0000000008000648      0x424 d:/archivosdprograma/stm32cubeide_1.5.0/stm32cubeide/plugins/com.st.stm32cube.ide.mcu.externaltools.gnu-tools-for-stm32.7-2018-q2-update.win32_1.5.0.202011040924/tools/bin/../lib/gcc/arm-none-eabi/7.3.1/thumb/v7e-m/fpv4-sp/hard\libgcc.a(_arm_muldivdf3.o)
                0x0000000008000648                __aeabi_dmul
                0x0000000008000648                __muldf3
                0x000000000800089c                __divdf3
                0x000000000800089c                __aeabi_ddiv
 .text          0x0000000008000a6c      0x110 d:/archivosdprograma/stm32cubeide_1.5.0/stm32cubeide/plugins/com.st.stm32cube.ide.mcu.externaltools.gnu-tools-for-stm32.7-2018-q2-update.win32_1.5.0.202011040924/tools/bin/../lib/gcc/arm-none-eabi/7.3.1/thumb/v7e-m/fpv4-sp/hard\libgcc.a(_arm_cmpdf2.o)
                0x0000000008000a6c                __gtdf2
                0x0000000008000a6c                __gedf2
                0x0000000008000a74                __ltdf2
                0x0000000008000a74                __ledf2
                0x0000000008000a7c                __nedf2
                0x0000000008000a7c                __eqdf2
                0x0000000008000a7c                __cmpdf2
                0x0000000008000af8                __aeabi_cdrcmple
                0x0000000008000b08                __aeabi_cdcmpeq
                0x0000000008000b08                __aeabi_cdcmple
                0x0000000008000b18                __aeabi_dcmpeq
                0x0000000008000b2c                __aeabi_dcmplt
                0x0000000008000b40                __aeabi_dcmple
                0x0000000008000b54                __aeabi_dcmpge
                0x0000000008000b68                __aeabi_dcmpgt
 .text          0x0000000008000b7c       0x2c d:/archivosdprograma/stm32cubeide_1.5.0/stm32cubeide/plugins/com.st.stm32cube.ide.mcu.externaltools.gnu-tools-for-stm32.7-2018-q2-update.win32_1.5.0.202011040924/tools/bin/../lib/gcc/arm-none-eabi/7.3.1/thumb/v7e-m/fpv4-sp/hard\libgcc.a(_arm_unorddf2.o)
                0x0000000008000b7c                __unorddf2
                0x0000000008000b7c                __aeabi_dcmpun
 .text          0x0000000008000ba8       0xa0 d:/archivosdprograma/stm32cubeide_1.5.0/stm32cubeide/plugins/com.st.stm32cube.ide.mcu.externaltools.gnu-tools-for-stm32.7-2018-q2-update.win32_1.5.0.202011040924/tools/bin/../lib/gcc/arm-none-eabi/7.3.1/thumb/v7e-m/fpv4-sp/hard\libgcc.a(_arm_truncdfsf2.o)
                0x0000000008000ba8                __truncdfsf2
                0x0000000008000ba8                __aeabi_d2f
 .text          0x0000000008000c48       0x30 d:/archivosdprograma/stm32cubeide_1.5.0/stm32cubeide/plugins/com.st.stm32cube.ide.mcu.externaltools.gnu-tools-for-stm32.7-2018-q2-update.win32_1.5.0.202011040924/tools/bin/../lib/gcc/arm-none-eabi/7.3.1/thumb/v7e-m/fpv4-sp/hard\libgcc.a(_aeabi_uldivmod.o)
                0x0000000008000c48                __aeabi_uldivmod
 .text          0x0000000008000c78      0x2cc d:/archivosdprograma/stm32cubeide_1.5.0/stm32cubeide/plugins/com.st.stm32cube.ide.mcu.externaltools.gnu-tools-for-stm32.7-2018-q2-update.win32_1.5.0.202011040924/tools/bin/../lib/gcc/arm-none-eabi/7.3.1/thumb/v7e-m/fpv4-sp/hard\libgcc.a(_udivmoddi4.o)
                0x0000000008000c78                __udivmoddi4
 .text          0x0000000008000f44        0x4 d:/archivosdprograma/stm32cubeide_1.5.0/stm32cubeide/plugins/com.st.stm32cube.ide.mcu.externaltools.gnu-tools-for-stm32.7-2018-q2-update.win32_1.5.0.202011040924/tools/bin/../lib/gcc/arm-none-eabi/7.3.1/thumb/v7e-m/fpv4-sp/hard\libgcc.a(_dvmd_tls.o)
                0x0000000008000f44                __aeabi_idiv0
                0x0000000008000f44                __aeabi_ldiv0
 *(.text*)
 .text.AUDIO_FFT_Init
                0x0000000008000f48      0x194 Core/Src/audio_fft.o
                0x0000000008000f48                AUDIO_FFT_Init
 .text.AUDIO_FFT_Data_Input
                0x00000000080010dc       0xd4 Core/Src/audio_fft.o
                0x00000000080010dc                AUDIO_FFT_Data_Input
 .text.AUDIO_FFT_Process
                0x00000000080011b0       0x94 Core/Src/audio_fft.o
                0x00000000080011b0                AUDIO_FFT_Process
 *fill*         0x0000000008001244        0x4 
 .text.TukeyWin
                0x0000000008001248      0x200 Core/Src/audio_fft.o
 .text.HammingWin
                0x0000000008001448       0xc4 Core/Src/audio_fft.o
 *fill*         0x000000000800150c        0x4 
 .text.BlackmanHarrisWin
                0x0000000008001510      0x140 Core/Src/audio_fft.o
 .text.vApplicationGetIdleTaskMemory
                0x0000000008001650       0x34 Core/Src/freertos.o
                0x0000000008001650                vApplicationGetIdleTaskMemory
 .text.main     0x0000000008001684      0x108 Core/Src/main.o
                0x0000000008001684                main
 .text.SystemClock_Config
                0x000000000800178c      0x114 Core/Src/main.o
                0x000000000800178c                SystemClock_Config
 .text.MX_ADC1_Init
                0x00000000080018a0       0xcc Core/Src/main.o
 .text.MX_USART2_UART_Init
                0x000000000800196c       0x98 Core/Src/main.o
 .text.MX_DMA_Init
                0x0000000008001a04       0x54 Core/Src/main.o
 .text.MX_GPIO_Init
                0x0000000008001a58      0x5cc Core/Src/main.o
 .text.HAL_ADC_ConvHalfCpltCallback
                0x0000000008002024       0x3c Core/Src/main.o
                0x0000000008002024                HAL_ADC_ConvHalfCpltCallback
 .text.HAL_ADC_ConvCpltCallback
                0x0000000008002060       0x3c Core/Src/main.o
                0x0000000008002060                HAL_ADC_ConvCpltCallback
 .text.Sender_HPT_Task
                0x000000000800209c       0x7c Core/Src/main.o
                0x000000000800209c                Sender_HPT_Task
 .text.MP23ABS1_Data_Ready
                0x0000000008002118       0x54 Core/Src/main.o
                0x0000000008002118                MP23ABS1_Data_Ready
 .text.Cambio_Escala_FFT
                0x000000000800216c       0x80 Core/Src/main.o
                0x000000000800216c                Cambio_Escala_FFT
 .text.Receiver_Task
                0x00000000080021ec       0x98 Core/Src/main.o
                0x00000000080021ec                Receiver_Task
 .text.HAL_TIM_PeriodElapsedCallback
                0x0000000008002284       0x24 Core/Src/main.o
                0x0000000008002284                HAL_TIM_PeriodElapsedCallback
 .text.Error_Handler
                0x00000000080022a8        0x8 Core/Src/main.o
                0x00000000080022a8                Error_Handler
 .text.HAL_MspInit
                0x00000000080022b0       0x50 Core/Src/stm32l4xx_hal_msp.o
                0x00000000080022b0                HAL_MspInit
 .text.HAL_ADC_MspInit
                0x0000000008002300       0xf4 Core/Src/stm32l4xx_hal_msp.o
                0x0000000008002300                HAL_ADC_MspInit
 .text.HAL_UART_MspInit
                0x00000000080023f4       0x98 Core/Src/stm32l4xx_hal_msp.o
                0x00000000080023f4                HAL_UART_MspInit
 .text.HAL_InitTick
                0x000000000800248c       0xac Core/Src/stm32l4xx_hal_timebase_tim.o
                0x000000000800248c                HAL_InitTick
 .text.NMI_Handler
                0x0000000008002538        0x6 Core/Src/stm32l4xx_it.o
                0x0000000008002538                NMI_Handler
 .text.HardFault_Handler
                0x000000000800253e        0x6 Core/Src/stm32l4xx_it.o
                0x000000000800253e                HardFault_Handler
 .text.MemManage_Handler
                0x0000000008002544        0x6 Core/Src/stm32l4xx_it.o
                0x0000000008002544                MemManage_Handler
 .text.BusFault_Handler
                0x000000000800254a        0x6 Core/Src/stm32l4xx_it.o
                0x000000000800254a                BusFault_Handler
 .text.UsageFault_Handler
                0x0000000008002550        0x6 Core/Src/stm32l4xx_it.o
                0x0000000008002550                UsageFault_Handler
 .text.DebugMon_Handler
                0x0000000008002556        0xe Core/Src/stm32l4xx_it.o
                0x0000000008002556                DebugMon_Handler
 .text.DMA1_Channel1_IRQHandler
                0x0000000008002564       0x14 Core/Src/stm32l4xx_it.o
                0x0000000008002564                DMA1_Channel1_IRQHandler
 .text.USART2_IRQHandler
                0x0000000008002578       0x14 Core/Src/stm32l4xx_it.o
                0x0000000008002578                USART2_IRQHandler
 .text.TIM6_DAC_IRQHandler
                0x000000000800258c       0x14 Core/Src/stm32l4xx_it.o
                0x000000000800258c                TIM6_DAC_IRQHandler
 .text._sbrk    0x00000000080025a0       0x6c Core/Src/sysmem.o
                0x00000000080025a0                _sbrk
 .text.SystemInit
                0x000000000800260c       0x6c Core/Src/system_stm32l4xx.o
                0x000000000800260c                SystemInit
 .text.Reset_Handler
                0x0000000008002678       0x50 Core/Startup/startup_stm32l4r9zijx.o
                0x0000000008002678                Reset_Handler
 .text.Default_Handler
                0x00000000080026c8        0x2 Core/Startup/startup_stm32l4r9zijx.o
                0x00000000080026c8                RTC_Alarm_IRQHandler
                0x00000000080026c8                EXTI2_IRQHandler
                0x00000000080026c8                TIM8_TRG_COM_IRQHandler
                0x00000000080026c8                TIM8_CC_IRQHandler
                0x00000000080026c8                TIM1_CC_IRQHandler
                0x00000000080026c8                TSC_IRQHandler
                0x00000000080026c8                TAMP_STAMP_IRQHandler
                0x00000000080026c8                EXTI3_IRQHandler
                0x00000000080026c8                LPTIM2_IRQHandler
                0x00000000080026c8                DFSDM1_FLT1_IRQHandler
                0x00000000080026c8                GFXMMU_IRQHandler
                0x00000000080026c8                I2C3_ER_IRQHandler
                0x00000000080026c8                DFSDM1_FLT2_IRQHandler
                0x00000000080026c8                EXTI0_IRQHandler
                0x00000000080026c8                I2C2_EV_IRQHandler
                0x00000000080026c8                CAN1_RX0_IRQHandler
                0x00000000080026c8                FPU_IRQHandler
                0x00000000080026c8                TIM1_UP_TIM16_IRQHandler
                0x00000000080026c8                LTDC_ER_IRQHandler
                0x00000000080026c8                SPI1_IRQHandler
                0x00000000080026c8                OCTOSPI1_IRQHandler
                0x00000000080026c8                DCMI_IRQHandler
                0x00000000080026c8                TIM8_UP_IRQHandler
                0x00000000080026c8                OCTOSPI2_IRQHandler
                0x00000000080026c8                DMA2_Channel2_IRQHandler
                0x00000000080026c8                DMA1_Channel4_IRQHandler
                0x00000000080026c8                SAI2_IRQHandler
                0x00000000080026c8                ADC1_IRQHandler
                0x00000000080026c8                DFSDM1_FLT3_IRQHandler
                0x00000000080026c8                USART3_IRQHandler
                0x00000000080026c8                DMA1_Channel7_IRQHandler
                0x00000000080026c8                CAN1_RX1_IRQHandler
                0x00000000080026c8                UART5_IRQHandler
                0x00000000080026c8                TIM4_IRQHandler
                0x00000000080026c8                DMA2_Channel1_IRQHandler
                0x00000000080026c8                I2C1_EV_IRQHandler
                0x00000000080026c8                DMAMUX1_OVR_IRQHandler
                0x00000000080026c8                DMA1_Channel6_IRQHandler
                0x00000000080026c8                UART4_IRQHandler
                0x00000000080026c8                DMA2_Channel4_IRQHandler
                0x00000000080026c8                TIM3_IRQHandler
                0x00000000080026c8                RCC_IRQHandler
                0x00000000080026c8                Default_Handler
                0x00000000080026c8                DMA2_Channel7_IRQHandler
                0x00000000080026c8                EXTI15_10_IRQHandler
                0x00000000080026c8                TIM7_IRQHandler
                0x00000000080026c8                SDMMC1_IRQHandler
                0x00000000080026c8                TIM5_IRQHandler
                0x00000000080026c8                I2C3_EV_IRQHandler
                0x00000000080026c8                EXTI9_5_IRQHandler
                0x00000000080026c8                RTC_WKUP_IRQHandler
                0x00000000080026c8                LTDC_IRQHandler
                0x00000000080026c8                PVD_PVM_IRQHandler
                0x00000000080026c8                SPI2_IRQHandler
                0x00000000080026c8                CAN1_TX_IRQHandler
                0x00000000080026c8                DMA2_Channel5_IRQHandler
                0x00000000080026c8                CRS_IRQHandler
                0x00000000080026c8                DMA1_Channel5_IRQHandler
                0x00000000080026c8                EXTI4_IRQHandler
                0x00000000080026c8                RNG_IRQHandler
                0x00000000080026c8                TIM1_TRG_COM_TIM17_IRQHandler
                0x00000000080026c8                DMA1_Channel3_IRQHandler
                0x00000000080026c8                COMP_IRQHandler
                0x00000000080026c8                DSI_IRQHandler
                0x00000000080026c8                WWDG_IRQHandler
                0x00000000080026c8                I2C4_EV_IRQHandler
                0x00000000080026c8                LPUART1_IRQHandler
                0x00000000080026c8                DMA2_Channel6_IRQHandler
                0x00000000080026c8                TIM2_IRQHandler
                0x00000000080026c8                DMA2D_IRQHandler
                0x00000000080026c8                EXTI1_IRQHandler
                0x00000000080026c8                DFSDM1_FLT0_IRQHandler
                0x00000000080026c8                I2C2_ER_IRQHandler
                0x00000000080026c8                DMA1_Channel2_IRQHandler
                0x00000000080026c8                TIM8_BRK_IRQHandler
                0x00000000080026c8                CAN1_SCE_IRQHandler
                0x00000000080026c8                FLASH_IRQHandler
                0x00000000080026c8                USART1_IRQHandler
                0x00000000080026c8                OTG_FS_IRQHandler
                0x00000000080026c8                SPI3_IRQHandler
                0x00000000080026c8                I2C1_ER_IRQHandler
                0x00000000080026c8                FMC_IRQHandler
                0x00000000080026c8                LPTIM1_IRQHandler
                0x00000000080026c8                I2C4_ER_IRQHandler
                0x00000000080026c8                SAI1_IRQHandler
                0x00000000080026c8                DMA2_Channel3_IRQHandler
                0x00000000080026c8                TIM1_BRK_TIM15_IRQHandler
 .text.HAL_Init
                0x00000000080026ca       0x30 Drivers/STM32L4xx_HAL_Driver/Src/stm32l4xx_hal.o
                0x00000000080026ca                HAL_Init
 *fill*         0x00000000080026fa        0x2 
 .text.HAL_IncTick
                0x00000000080026fc       0x28 Drivers/STM32L4xx_HAL_Driver/Src/stm32l4xx_hal.o
                0x00000000080026fc                HAL_IncTick
 .text.HAL_GetTick
                0x0000000008002724       0x18 Drivers/STM32L4xx_HAL_Driver/Src/stm32l4xx_hal.o
                0x0000000008002724                HAL_GetTick
 .text.LL_ADC_SetCommonClock
                0x000000000800273c       0x26 Drivers/STM32L4xx_HAL_Driver/Src/stm32l4xx_hal_adc.o
 .text.LL_ADC_SetCommonPathInternalCh
                0x0000000008002762       0x26 Drivers/STM32L4xx_HAL_Driver/Src/stm32l4xx_hal_adc.o
 .text.LL_ADC_GetCommonPathInternalCh
                0x0000000008002788       0x1c Drivers/STM32L4xx_HAL_Driver/Src/stm32l4xx_hal_adc.o
 .text.LL_ADC_SetOffset
                0x00000000080027a4       0x48 Drivers/STM32L4xx_HAL_Driver/Src/stm32l4xx_hal_adc.o
 .text.LL_ADC_GetOffsetChannel
                0x00000000080027ec       0x2c Drivers/STM32L4xx_HAL_Driver/Src/stm32l4xx_hal_adc.o
 .text.LL_ADC_SetOffsetState
                0x0000000008002818       0x36 Drivers/STM32L4xx_HAL_Driver/Src/stm32l4xx_hal_adc.o
 .text.LL_ADC_SetSamplingTimeCommonConfig
                0x000000000800284e       0x26 Drivers/STM32L4xx_HAL_Driver/Src/stm32l4xx_hal_adc.o
 .text.LL_ADC_REG_IsTriggerSourceSWStart
                0x0000000008002874       0x26 Drivers/STM32L4xx_HAL_Driver/Src/stm32l4xx_hal_adc.o
 .text.LL_ADC_REG_SetSequencerRanks
                0x000000000800289a       0x58 Drivers/STM32L4xx_HAL_Driver/Src/stm32l4xx_hal_adc.o
 .text.LL_ADC_SetChannelSamplingTime
                0x00000000080028f2       0x56 Drivers/STM32L4xx_HAL_Driver/Src/stm32l4xx_hal_adc.o
 .text.LL_ADC_SetChannelSingleDiff
                0x0000000008002948       0x48 Drivers/STM32L4xx_HAL_Driver/Src/stm32l4xx_hal_adc.o
 .text.LL_ADC_DisableDeepPowerDown
                0x0000000008002990       0x24 Drivers/STM32L4xx_HAL_Driver/Src/stm32l4xx_hal_adc.o
 .text.LL_ADC_IsDeepPowerDownEnabled
                0x00000000080029b4       0x28 Drivers/STM32L4xx_HAL_Driver/Src/stm32l4xx_hal_adc.o
 .text.LL_ADC_EnableInternalRegulator
                0x00000000080029dc       0x28 Drivers/STM32L4xx_HAL_Driver/Src/stm32l4xx_hal_adc.o
 .text.LL_ADC_IsInternalRegulatorEnabled
                0x0000000008002a04       0x28 Drivers/STM32L4xx_HAL_Driver/Src/stm32l4xx_hal_adc.o
 .text.LL_ADC_Enable
                0x0000000008002a2c       0x28 Drivers/STM32L4xx_HAL_Driver/Src/stm32l4xx_hal_adc.o
 .text.LL_ADC_IsEnabled
                0x0000000008002a54       0x26 Drivers/STM32L4xx_HAL_Driver/Src/stm32l4xx_hal_adc.o
 .text.LL_ADC_REG_StartConversion
                0x0000000008002a7a       0x28 Drivers/STM32L4xx_HAL_Driver/Src/stm32l4xx_hal_adc.o
 .text.LL_ADC_REG_IsConversionOngoing
                0x0000000008002aa2       0x26 Drivers/STM32L4xx_HAL_Driver/Src/stm32l4xx_hal_adc.o
 .text.LL_ADC_INJ_IsConversionOngoing
                0x0000000008002ac8       0x26 Drivers/STM32L4xx_HAL_Driver/Src/stm32l4xx_hal_adc.o
 *fill*         0x0000000008002aee        0x2 
 .text.HAL_ADC_Init
                0x0000000008002af0      0x294 Drivers/STM32L4xx_HAL_Driver/Src/stm32l4xx_hal_adc.o
                0x0000000008002af0                HAL_ADC_Init
 .text.HAL_ADC_Start_DMA
                0x0000000008002d84      0x108 Drivers/STM32L4xx_HAL_Driver/Src/stm32l4xx_hal_adc.o
                0x0000000008002d84                HAL_ADC_Start_DMA
 .text.HAL_ADC_ErrorCallback
                0x0000000008002e8c       0x14 Drivers/STM32L4xx_HAL_Driver/Src/stm32l4xx_hal_adc.o
                0x0000000008002e8c                HAL_ADC_ErrorCallback
 .text.HAL_ADC_ConfigChannel
                0x0000000008002ea0      0x7f4 Drivers/STM32L4xx_HAL_Driver/Src/stm32l4xx_hal_adc.o
                0x0000000008002ea0                HAL_ADC_ConfigChannel
 .text.ADC_Enable
                0x0000000008003694       0xb4 Drivers/STM32L4xx_HAL_Driver/Src/stm32l4xx_hal_adc.o
                0x0000000008003694                ADC_Enable
 .text.ADC_DMAConvCplt
                0x0000000008003748       0xd8 Drivers/STM32L4xx_HAL_Driver/Src/stm32l4xx_hal_adc.o
                0x0000000008003748                ADC_DMAConvCplt
 .text.ADC_DMAHalfConvCplt
                0x0000000008003820       0x1c Drivers/STM32L4xx_HAL_Driver/Src/stm32l4xx_hal_adc.o
                0x0000000008003820                ADC_DMAHalfConvCplt
 .text.ADC_DMAError
                0x000000000800383c       0x34 Drivers/STM32L4xx_HAL_Driver/Src/stm32l4xx_hal_adc.o
                0x000000000800383c                ADC_DMAError
 .text.__NVIC_SetPriorityGrouping
                0x0000000008003870       0x48 Drivers/STM32L4xx_HAL_Driver/Src/stm32l4xx_hal_cortex.o
 .text.__NVIC_GetPriorityGrouping
                0x00000000080038b8       0x1c Drivers/STM32L4xx_HAL_Driver/Src/stm32l4xx_hal_cortex.o
 .text.__NVIC_EnableIRQ
                0x00000000080038d4       0x3c Drivers/STM32L4xx_HAL_Driver/Src/stm32l4xx_hal_cortex.o
 .text.__NVIC_SetPriority
                0x0000000008003910       0x54 Drivers/STM32L4xx_HAL_Driver/Src/stm32l4xx_hal_cortex.o
 .text.NVIC_EncodePriority
                0x0000000008003964       0x66 Drivers/STM32L4xx_HAL_Driver/Src/stm32l4xx_hal_cortex.o
 .text.HAL_NVIC_SetPriorityGrouping
                0x00000000080039ca       0x16 Drivers/STM32L4xx_HAL_Driver/Src/stm32l4xx_hal_cortex.o
                0x00000000080039ca                HAL_NVIC_SetPriorityGrouping
 .text.HAL_NVIC_SetPriority
                0x00000000080039e0       0x38 Drivers/STM32L4xx_HAL_Driver/Src/stm32l4xx_hal_cortex.o
                0x00000000080039e0                HAL_NVIC_SetPriority
 .text.HAL_NVIC_EnableIRQ
                0x0000000008003a18       0x1c Drivers/STM32L4xx_HAL_Driver/Src/stm32l4xx_hal_cortex.o
                0x0000000008003a18                HAL_NVIC_EnableIRQ
 .text.HAL_DMA_Init
                0x0000000008003a34      0x150 Drivers/STM32L4xx_HAL_Driver/Src/stm32l4xx_hal_dma.o
                0x0000000008003a34                HAL_DMA_Init
 .text.HAL_DMA_Start_IT
                0x0000000008003b84       0xf6 Drivers/STM32L4xx_HAL_Driver/Src/stm32l4xx_hal_dma.o
                0x0000000008003b84                HAL_DMA_Start_IT
 .text.HAL_DMA_Abort_IT
                0x0000000008003c7a       0xbe Drivers/STM32L4xx_HAL_Driver/Src/stm32l4xx_hal_dma.o
                0x0000000008003c7a                HAL_DMA_Abort_IT
 .text.HAL_DMA_IRQHandler
                0x0000000008003d38      0x15e Drivers/STM32L4xx_HAL_Driver/Src/stm32l4xx_hal_dma.o
                0x0000000008003d38                HAL_DMA_IRQHandler
 .text.DMA_SetConfig
                0x0000000008003e96       0x7c Drivers/STM32L4xx_HAL_Driver/Src/stm32l4xx_hal_dma.o
 *fill*         0x0000000008003f12        0x2 
 .text.DMA_CalcDMAMUXChannelBaseAndMask
                0x0000000008003f14       0x7c Drivers/STM32L4xx_HAL_Driver/Src/stm32l4xx_hal_dma.o
 .text.DMA_CalcDMAMUXRequestGenBaseAndMask
                0x0000000008003f90       0x48 Drivers/STM32L4xx_HAL_Driver/Src/stm32l4xx_hal_dma.o
 .text.HAL_GPIO_Init
                0x0000000008003fd8      0x324 Drivers/STM32L4xx_HAL_Driver/Src/stm32l4xx_hal_gpio.o
                0x0000000008003fd8                HAL_GPIO_Init
 .text.HAL_GPIO_WritePin
                0x00000000080042fc       0x30 Drivers/STM32L4xx_HAL_Driver/Src/stm32l4xx_hal_gpio.o
                0x00000000080042fc                HAL_GPIO_WritePin
 .text.HAL_GPIO_TogglePin
                0x000000000800432c       0x34 Drivers/STM32L4xx_HAL_Driver/Src/stm32l4xx_hal_gpio.o
                0x000000000800432c                HAL_GPIO_TogglePin
 .text.HAL_PWREx_GetVoltageRange
                0x0000000008004360       0x40 Drivers/STM32L4xx_HAL_Driver/Src/stm32l4xx_hal_pwr_ex.o
                0x0000000008004360                HAL_PWREx_GetVoltageRange
 .text.HAL_PWREx_ControlVoltageScaling
                0x00000000080043a0      0x148 Drivers/STM32L4xx_HAL_Driver/Src/stm32l4xx_hal_pwr_ex.o
                0x00000000080043a0                HAL_PWREx_ControlVoltageScaling
 .text.HAL_PWREx_EnableVddIO2
                0x00000000080044e8       0x20 Drivers/STM32L4xx_HAL_Driver/Src/stm32l4xx_hal_pwr_ex.o
                0x00000000080044e8                HAL_PWREx_EnableVddIO2
 .text.HAL_RCC_OscConfig
                0x0000000008004508      0x84c Drivers/STM32L4xx_HAL_Driver/Src/stm32l4xx_hal_rcc.o
                0x0000000008004508                HAL_RCC_OscConfig
 .text.HAL_RCC_ClockConfig
                0x0000000008004d54      0x258 Drivers/STM32L4xx_HAL_Driver/Src/stm32l4xx_hal_rcc.o
                0x0000000008004d54                HAL_RCC_ClockConfig
 .text.HAL_RCC_GetSysClockFreq
                0x0000000008004fac      0x110 Drivers/STM32L4xx_HAL_Driver/Src/stm32l4xx_hal_rcc.o
                0x0000000008004fac                HAL_RCC_GetSysClockFreq
 .text.HAL_RCC_GetHCLKFreq
                0x00000000080050bc       0x18 Drivers/STM32L4xx_HAL_Driver/Src/stm32l4xx_hal_rcc.o
                0x00000000080050bc                HAL_RCC_GetHCLKFreq
 .text.HAL_RCC_GetPCLK1Freq
                0x00000000080050d4       0x2c Drivers/STM32L4xx_HAL_Driver/Src/stm32l4xx_hal_rcc.o
                0x00000000080050d4                HAL_RCC_GetPCLK1Freq
 .text.HAL_RCC_GetPCLK2Freq
                0x0000000008005100       0x2c Drivers/STM32L4xx_HAL_Driver/Src/stm32l4xx_hal_rcc.o
                0x0000000008005100                HAL_RCC_GetPCLK2Freq
 .text.HAL_RCC_GetClockConfig
                0x000000000800512c       0x64 Drivers/STM32L4xx_HAL_Driver/Src/stm32l4xx_hal_rcc.o
                0x000000000800512c                HAL_RCC_GetClockConfig
 .text.RCC_SetFlashLatencyFromMSIRange
                0x0000000008005190       0xb4 Drivers/STM32L4xx_HAL_Driver/Src/stm32l4xx_hal_rcc.o
 .text.RCC_GetSysClockFreqFromPLLSource
                0x0000000008005244       0xcc Drivers/STM32L4xx_HAL_Driver/Src/stm32l4xx_hal_rcc.o
 .text.HAL_RCCEx_PeriphCLKConfig
                0x0000000008005310      0x710 Drivers/STM32L4xx_HAL_Driver/Src/stm32l4xx_hal_rcc_ex.o
                0x0000000008005310                HAL_RCCEx_PeriphCLKConfig
 .text.RCCEx_PLLSAI1_Config
                0x0000000008005a20      0x1e0 Drivers/STM32L4xx_HAL_Driver/Src/stm32l4xx_hal_rcc_ex.o
 .text.RCCEx_PLLSAI2_Config
                0x0000000008005c00      0x1e0 Drivers/STM32L4xx_HAL_Driver/Src/stm32l4xx_hal_rcc_ex.o
 .text.HAL_TIM_Base_Init
                0x0000000008005de0       0xae Drivers/STM32L4xx_HAL_Driver/Src/stm32l4xx_hal_tim.o
                0x0000000008005de0                HAL_TIM_Base_Init
 .text.HAL_TIM_Base_MspInit
                0x0000000008005e8e       0x14 Drivers/STM32L4xx_HAL_Driver/Src/stm32l4xx_hal_tim.o
                0x0000000008005e8e                HAL_TIM_Base_MspInit
 *fill*         0x0000000008005ea2        0x2 
 .text.HAL_TIM_Base_Start_IT
                0x0000000008005ea4       0xe0 Drivers/STM32L4xx_HAL_Driver/Src/stm32l4xx_hal_tim.o
                0x0000000008005ea4                HAL_TIM_Base_Start_IT
 .text.HAL_TIM_IRQHandler
                0x0000000008005f84      0x23e Drivers/STM32L4xx_HAL_Driver/Src/stm32l4xx_hal_tim.o
                0x0000000008005f84                HAL_TIM_IRQHandler
 .text.HAL_TIM_OC_DelayElapsedCallback
                0x00000000080061c2       0x14 Drivers/STM32L4xx_HAL_Driver/Src/stm32l4xx_hal_tim.o
                0x00000000080061c2                HAL_TIM_OC_DelayElapsedCallback
 .text.HAL_TIM_IC_CaptureCallback
                0x00000000080061d6       0x14 Drivers/STM32L4xx_HAL_Driver/Src/stm32l4xx_hal_tim.o
                0x00000000080061d6                HAL_TIM_IC_CaptureCallback
 .text.HAL_TIM_PWM_PulseFinishedCallback
                0x00000000080061ea       0x14 Drivers/STM32L4xx_HAL_Driver/Src/stm32l4xx_hal_tim.o
                0x00000000080061ea                HAL_TIM_PWM_PulseFinishedCallback
 .text.HAL_TIM_TriggerCallback
                0x00000000080061fe       0x14 Drivers/STM32L4xx_HAL_Driver/Src/stm32l4xx_hal_tim.o
                0x00000000080061fe                HAL_TIM_TriggerCallback
 *fill*         0x0000000008006212        0x2 
 .text.TIM_Base_SetConfig
                0x0000000008006214      0x134 Drivers/STM32L4xx_HAL_Driver/Src/stm32l4xx_hal_tim.o
                0x0000000008006214                TIM_Base_SetConfig
 .text.HAL_TIMEx_CommutCallback
                0x0000000008006348       0x14 Drivers/STM32L4xx_HAL_Driver/Src/stm32l4xx_hal_tim_ex.o
                0x0000000008006348                HAL_TIMEx_CommutCallback
 .text.HAL_TIMEx_BreakCallback
                0x000000000800635c       0x14 Drivers/STM32L4xx_HAL_Driver/Src/stm32l4xx_hal_tim_ex.o
                0x000000000800635c                HAL_TIMEx_BreakCallback
 .text.HAL_TIMEx_Break2Callback
                0x0000000008006370       0x14 Drivers/STM32L4xx_HAL_Driver/Src/stm32l4xx_hal_tim_ex.o
                0x0000000008006370                HAL_TIMEx_Break2Callback
 .text.HAL_UART_Init
                0x0000000008006384       0xa0 Drivers/STM32L4xx_HAL_Driver/Src/stm32l4xx_hal_uart.o
                0x0000000008006384                HAL_UART_Init
 .text.HAL_UART_Transmit
                0x0000000008006424      0x12e Drivers/STM32L4xx_HAL_Driver/Src/stm32l4xx_hal_uart.o
                0x0000000008006424                HAL_UART_Transmit
 *fill*         0x0000000008006552        0x2 
 .text.HAL_UART_IRQHandler
                0x0000000008006554      0x300 Drivers/STM32L4xx_HAL_Driver/Src/stm32l4xx_hal_uart.o
                0x0000000008006554                HAL_UART_IRQHandler
 .text.HAL_UART_TxCpltCallback
                0x0000000008006854       0x14 Drivers/STM32L4xx_HAL_Driver/Src/stm32l4xx_hal_uart.o
                0x0000000008006854                HAL_UART_TxCpltCallback
 .text.HAL_UART_ErrorCallback
                0x0000000008006868       0x14 Drivers/STM32L4xx_HAL_Driver/Src/stm32l4xx_hal_uart.o
                0x0000000008006868                HAL_UART_ErrorCallback
 .text.UART_SetConfig
                0x000000000800687c      0x5a4 Drivers/STM32L4xx_HAL_Driver/Src/stm32l4xx_hal_uart.o
                0x000000000800687c                UART_SetConfig
 .text.UART_AdvFeatureConfig
                0x0000000008006e20      0x144 Drivers/STM32L4xx_HAL_Driver/Src/stm32l4xx_hal_uart.o
                0x0000000008006e20                UART_AdvFeatureConfig
 .text.UART_CheckIdleState
                0x0000000008006f64       0x90 Drivers/STM32L4xx_HAL_Driver/Src/stm32l4xx_hal_uart.o
                0x0000000008006f64                UART_CheckIdleState
 .text.UART_WaitOnFlagUntilTimeout
                0x0000000008006ff4      0x100 Drivers/STM32L4xx_HAL_Driver/Src/stm32l4xx_hal_uart.o
                0x0000000008006ff4                UART_WaitOnFlagUntilTimeout
 .text.UART_EndRxTransfer
                0x00000000080070f4       0x46 Drivers/STM32L4xx_HAL_Driver/Src/stm32l4xx_hal_uart.o
 .text.UART_DMAAbortOnError
                0x000000000800713a       0x2c Drivers/STM32L4xx_HAL_Driver/Src/stm32l4xx_hal_uart.o
 .text.UART_EndTransmit_IT
                0x0000000008007166       0x34 Drivers/STM32L4xx_HAL_Driver/Src/stm32l4xx_hal_uart.o
 .text.HAL_UARTEx_WakeupCallback
                0x000000000800719a       0x14 Drivers/STM32L4xx_HAL_Driver/Src/stm32l4xx_hal_uart_ex.o
                0x000000000800719a                HAL_UARTEx_WakeupCallback
 .text.HAL_UARTEx_RxFifoFullCallback
                0x00000000080071ae       0x14 Drivers/STM32L4xx_HAL_Driver/Src/stm32l4xx_hal_uart_ex.o
                0x00000000080071ae                HAL_UARTEx_RxFifoFullCallback
 .text.HAL_UARTEx_TxFifoEmptyCallback
                0x00000000080071c2       0x14 Drivers/STM32L4xx_HAL_Driver/Src/stm32l4xx_hal_uart_ex.o
                0x00000000080071c2                HAL_UARTEx_TxFifoEmptyCallback
 .text.HAL_UARTEx_DisableFifoMode
                0x00000000080071d6       0x72 Drivers/STM32L4xx_HAL_Driver/Src/stm32l4xx_hal_uart_ex.o
                0x00000000080071d6                HAL_UARTEx_DisableFifoMode
 .text.HAL_UARTEx_SetTxFifoThreshold
                0x0000000008007248       0x7c Drivers/STM32L4xx_HAL_Driver/Src/stm32l4xx_hal_uart_ex.o
                0x0000000008007248                HAL_UARTEx_SetTxFifoThreshold
 .text.HAL_UARTEx_SetRxFifoThreshold
                0x00000000080072c4       0x7c Drivers/STM32L4xx_HAL_Driver/Src/stm32l4xx_hal_uart_ex.o
                0x00000000080072c4                HAL_UARTEx_SetRxFifoThreshold
 .text.UARTEx_SetNbDataToProcess
                0x0000000008007340       0xd0 Drivers/STM32L4xx_HAL_Driver/Src/stm32l4xx_hal_uart_ex.o
 .text.inHandlerMode
                0x0000000008007410       0x24 Middlewares/Third_Party/FreeRTOS/Source/CMSIS_RTOS/cmsis_os.o
 .text.osSemaphoreCreate
                0x0000000008007434       0x66 Middlewares/Third_Party/FreeRTOS/Source/CMSIS_RTOS/cmsis_os.o
                0x0000000008007434                osSemaphoreCreate
 *fill*         0x000000000800749a        0x2 
 .text.osSemaphoreWait
                0x000000000800749c       0x9c Middlewares/Third_Party/FreeRTOS/Source/CMSIS_RTOS/cmsis_os.o
                0x000000000800749c                osSemaphoreWait
 .text.osSemaphoreRelease
                0x0000000008007538       0x6c Middlewares/Third_Party/FreeRTOS/Source/CMSIS_RTOS/cmsis_os.o
                0x0000000008007538                osSemaphoreRelease
 .text.osPoolCreate
                0x00000000080075a4       0xba Middlewares/Third_Party/FreeRTOS/Source/CMSIS_RTOS/cmsis_os.o
                0x00000000080075a4                osPoolCreate
 .text.osPoolAlloc
                0x000000000800765e       0xc4 Middlewares/Third_Party/FreeRTOS/Source/CMSIS_RTOS/cmsis_os.o
                0x000000000800765e                osPoolAlloc
 .text.osPoolFree
                0x0000000008007722       0x82 Middlewares/Third_Party/FreeRTOS/Source/CMSIS_RTOS/cmsis_os.o
                0x0000000008007722                osPoolFree
 .text.osMessagePut
                0x00000000080077a4       0x80 Middlewares/Third_Party/FreeRTOS/Source/CMSIS_RTOS/cmsis_os.o
                0x00000000080077a4                osMessagePut
 .text.osMessageGet
                0x0000000008007824       0xe8 Middlewares/Third_Party/FreeRTOS/Source/CMSIS_RTOS/cmsis_os.o
                0x0000000008007824                osMessageGet
 .text.vListInitialise
                0x000000000800790c       0x40 Middlewares/Third_Party/FreeRTOS/Source/list.o
                0x000000000800790c                vListInitialise
 .text.vListInitialiseItem
                0x000000000800794c       0x1a Middlewares/Third_Party/FreeRTOS/Source/list.o
                0x000000000800794c                vListInitialiseItem
 .text.vListInsertEnd
                0x0000000008007966       0x48 Middlewares/Third_Party/FreeRTOS/Source/list.o
                0x0000000008007966                vListInsertEnd
 .text.vListInsert
                0x00000000080079ae       0x72 Middlewares/Third_Party/FreeRTOS/Source/list.o
                0x00000000080079ae                vListInsert
 .text.uxListRemove
                0x0000000008007a20       0x54 Middlewares/Third_Party/FreeRTOS/Source/list.o
                0x0000000008007a20                uxListRemove
 .text.xQueueGenericReset
                0x0000000008007a74       0xd0 Middlewares/Third_Party/FreeRTOS/Source/queue.o
                0x0000000008007a74                xQueueGenericReset
 .text.xQueueGenericCreateStatic
                0x0000000008007b44       0xe6 Middlewares/Third_Party/FreeRTOS/Source/queue.o
                0x0000000008007b44                xQueueGenericCreateStatic
 .text.xQueueGenericCreate
                0x0000000008007c2a       0x7e Middlewares/Third_Party/FreeRTOS/Source/queue.o
                0x0000000008007c2a                xQueueGenericCreate
 .text.prvInitialiseNewQueue
                0x0000000008007ca8       0x3e Middlewares/Third_Party/FreeRTOS/Source/queue.o
 *fill*         0x0000000008007ce6        0x2 
 .text.xQueueGenericSend
                0x0000000008007ce8      0x1f4 Middlewares/Third_Party/FreeRTOS/Source/queue.o
                0x0000000008007ce8                xQueueGenericSend
 .text.xQueueGenericSendFromISR
                0x0000000008007edc      0x128 Middlewares/Third_Party/FreeRTOS/Source/queue.o
                0x0000000008007edc                xQueueGenericSendFromISR
 .text.xQueueGiveFromISR
                0x0000000008008004      0x112 Middlewares/Third_Party/FreeRTOS/Source/queue.o
                0x0000000008008004                xQueueGiveFromISR
 *fill*         0x0000000008008116        0x2 
 .text.xQueueReceive
                0x0000000008008118      0x1b8 Middlewares/Third_Party/FreeRTOS/Source/queue.o
                0x0000000008008118                xQueueReceive
 .text.xQueueSemaphoreTake
                0x00000000080082d0      0x210 Middlewares/Third_Party/FreeRTOS/Source/queue.o
                0x00000000080082d0                xQueueSemaphoreTake
 .text.xQueueReceiveFromISR
                0x00000000080084e0       0xfa Middlewares/Third_Party/FreeRTOS/Source/queue.o
                0x00000000080084e0                xQueueReceiveFromISR
 .text.prvGetDisinheritPriorityAfterTimeout
                0x00000000080085da       0x30 Middlewares/Third_Party/FreeRTOS/Source/queue.o
 .text.prvCopyDataToQueue
                0x000000000800860a       0xd4 Middlewares/Third_Party/FreeRTOS/Source/queue.o
 .text.prvCopyDataFromQueue
                0x00000000080086de       0x4c Middlewares/Third_Party/FreeRTOS/Source/queue.o
 .text.prvUnlockQueue
                0x000000000800872a       0xa4 Middlewares/Third_Party/FreeRTOS/Source/queue.o
 .text.prvIsQueueEmpty
                0x00000000080087ce       0x2c Middlewares/Third_Party/FreeRTOS/Source/queue.o
 .text.prvIsQueueFull
                0x00000000080087fa       0x30 Middlewares/Third_Party/FreeRTOS/Source/queue.o
 .text.xTaskCreateStatic
                0x000000000800882a       0xb4 Middlewares/Third_Party/FreeRTOS/Source/tasks.o
                0x000000000800882a                xTaskCreateStatic
 .text.xTaskCreate
                0x00000000080088de       0x8a Middlewares/Third_Party/FreeRTOS/Source/tasks.o
                0x00000000080088de                xTaskCreate
 .text.prvInitialiseNewTask
                0x0000000008008968      0x10c Middlewares/Third_Party/FreeRTOS/Source/tasks.o
 .text.prvAddNewTaskToReadyList
                0x0000000008008a74       0xd4 Middlewares/Third_Party/FreeRTOS/Source/tasks.o
 .text.vTaskStartScheduler
                0x0000000008008b48       0xbc Middlewares/Third_Party/FreeRTOS/Source/tasks.o
                0x0000000008008b48                vTaskStartScheduler
 .text.vTaskSuspendAll
                0x0000000008008c04       0x1c Middlewares/Third_Party/FreeRTOS/Source/tasks.o
                0x0000000008008c04                vTaskSuspendAll
 .text.xTaskResumeAll
                0x0000000008008c20      0x138 Middlewares/Third_Party/FreeRTOS/Source/tasks.o
                0x0000000008008c20                xTaskResumeAll
 .text.xTaskIncrementTick
                0x0000000008008d58      0x170 Middlewares/Third_Party/FreeRTOS/Source/tasks.o
                0x0000000008008d58                xTaskIncrementTick
 .text.vTaskSwitchContext
                0x0000000008008ec8       0xb4 Middlewares/Third_Party/FreeRTOS/Source/tasks.o
                0x0000000008008ec8                vTaskSwitchContext
 .text.vTaskPlaceOnEventList
                0x0000000008008f7c       0x48 Middlewares/Third_Party/FreeRTOS/Source/tasks.o
                0x0000000008008f7c                vTaskPlaceOnEventList
 .text.xTaskRemoveFromEventList
                0x0000000008008fc4       0xc4 Middlewares/Third_Party/FreeRTOS/Source/tasks.o
                0x0000000008008fc4                xTaskRemoveFromEventList
 .text.vTaskInternalSetTimeOutState
                0x0000000008009088       0x2c Middlewares/Third_Party/FreeRTOS/Source/tasks.o
                0x0000000008009088                vTaskInternalSetTimeOutState
 .text.xTaskCheckForTimeOut
                0x00000000080090b4       0xc0 Middlewares/Third_Party/FreeRTOS/Source/tasks.o
                0x00000000080090b4                xTaskCheckForTimeOut
 .text.vTaskMissedYield
                0x0000000008009174       0x18 Middlewares/Third_Party/FreeRTOS/Source/tasks.o
                0x0000000008009174                vTaskMissedYield
 .text.prvIdleTask
                0x000000000800918c       0x30 Middlewares/Third_Party/FreeRTOS/Source/tasks.o
 .text.prvInitialiseTaskLists
                0x00000000080091bc       0x80 Middlewares/Third_Party/FreeRTOS/Source/tasks.o
 .text.prvCheckTasksWaitingTermination
                0x000000000800923c       0x58 Middlewares/Third_Party/FreeRTOS/Source/tasks.o
 .text.prvDeleteTCB
                0x0000000008009294       0x5c Middlewares/Third_Party/FreeRTOS/Source/tasks.o
 .text.prvResetNextTaskUnblockTime
                0x00000000080092f0       0x40 Middlewares/Third_Party/FreeRTOS/Source/tasks.o
 .text.xTaskGetSchedulerState
                0x0000000008009330       0x3c Middlewares/Third_Party/FreeRTOS/Source/tasks.o
                0x0000000008009330                xTaskGetSchedulerState
 .text.xTaskPriorityInherit
                0x000000000800936c      0x100 Middlewares/Third_Party/FreeRTOS/Source/tasks.o
                0x000000000800936c                xTaskPriorityInherit
 .text.xTaskPriorityDisinherit
                0x000000000800946c      0x108 Middlewares/Third_Party/FreeRTOS/Source/tasks.o
                0x000000000800946c                xTaskPriorityDisinherit
 .text.vTaskPriorityDisinheritAfterTimeout
                0x0000000008009574      0x130 Middlewares/Third_Party/FreeRTOS/Source/tasks.o
                0x0000000008009574                vTaskPriorityDisinheritAfterTimeout
 .text.pvTaskIncrementMutexHeldCount
                0x00000000080096a4       0x28 Middlewares/Third_Party/FreeRTOS/Source/tasks.o
                0x00000000080096a4                pvTaskIncrementMutexHeldCount
 .text.prvAddCurrentTaskToDelayedList
                0x00000000080096cc       0xcc Middlewares/Third_Party/FreeRTOS/Source/tasks.o
 .text.pxPortInitialiseStack
                0x0000000008009798       0x68 Middlewares/Third_Party/FreeRTOS/Source/portable/GCC/ARM_CM4F/port.o
                0x0000000008009798                pxPortInitialiseStack
 .text.prvTaskExitError
                0x0000000008009800       0x54 Middlewares/Third_Party/FreeRTOS/Source/portable/GCC/ARM_CM4F/port.o
 *fill*         0x0000000008009854        0xc 
 .text.SVC_Handler
                0x0000000008009860       0x28 Middlewares/Third_Party/FreeRTOS/Source/portable/GCC/ARM_CM4F/port.o
                0x0000000008009860                SVC_Handler
 .text.prvPortStartFirstTask
                0x0000000008009888       0x28 Middlewares/Third_Party/FreeRTOS/Source/portable/GCC/ARM_CM4F/port.o
 .text.xPortStartScheduler
                0x00000000080098b0      0x13c Middlewares/Third_Party/FreeRTOS/Source/portable/GCC/ARM_CM4F/port.o
                0x00000000080098b0                xPortStartScheduler
 .text.vPortEnterCritical
                0x00000000080099ec       0x5c Middlewares/Third_Party/FreeRTOS/Source/portable/GCC/ARM_CM4F/port.o
                0x00000000080099ec                vPortEnterCritical
 .text.vPortExitCritical
                0x0000000008009a48       0x50 Middlewares/Third_Party/FreeRTOS/Source/portable/GCC/ARM_CM4F/port.o
                0x0000000008009a48                vPortExitCritical
 *fill*         0x0000000008009a98        0x8 
 .text.PendSV_Handler
                0x0000000008009aa0       0x68 Middlewares/Third_Party/FreeRTOS/Source/portable/GCC/ARM_CM4F/port.o
                0x0000000008009aa0                PendSV_Handler
 .text.SysTick_Handler
                0x0000000008009b08       0x40 Middlewares/Third_Party/FreeRTOS/Source/portable/GCC/ARM_CM4F/port.o
                0x0000000008009b08                SysTick_Handler
 .text.vPortSetupTimerInterrupt
                0x0000000008009b48       0x48 Middlewares/Third_Party/FreeRTOS/Source/portable/GCC/ARM_CM4F/port.o
                0x0000000008009b48                vPortSetupTimerInterrupt
 .text.vPortEnableVFP
                0x0000000008009b90       0x14 Middlewares/Third_Party/FreeRTOS/Source/portable/GCC/ARM_CM4F/port.o
 .text.vPortValidateInterruptPriority
                0x0000000008009ba4       0x7c Middlewares/Third_Party/FreeRTOS/Source/portable/GCC/ARM_CM4F/port.o
                0x0000000008009ba4                vPortValidateInterruptPriority
 .text.pvPortMalloc
                0x0000000008009c20      0x184 Middlewares/Third_Party/FreeRTOS/Source/portable/MemMang/heap_4.o
                0x0000000008009c20                pvPortMalloc
 .text.vPortFree
                0x0000000008009da4       0xb0 Middlewares/Third_Party/FreeRTOS/Source/portable/MemMang/heap_4.o
                0x0000000008009da4                vPortFree
 .text.prvHeapInit
                0x0000000008009e54       0xc4 Middlewares/Third_Party/FreeRTOS/Source/portable/MemMang/heap_4.o
 .text.prvInsertBlockIntoFreeList
                0x0000000008009f18       0xb4 Middlewares/Third_Party/FreeRTOS/Source/portable/MemMang/heap_4.o
 .text.arm_rfft_fast_init_f32
                0x0000000008009fcc      0x108 D:\Alberto\Documents\STM32CubeIDE\rsense-micro-dma-adc-freertos\lib\libarm_cortexM4lf_math.a(arm_rfft_fast_init_f32.o)
                0x0000000008009fcc                arm_rfft_fast_init_f32
 .text.arm_rfft_fast_f32
                0x000000000800a0d4      0x188 D:\Alberto\Documents\STM32CubeIDE\rsense-micro-dma-adc-freertos\lib\libarm_cortexM4lf_math.a(arm_rfft_fast_f32.o)
                0x000000000800a0d4                arm_rfft_fast_f32
 .text.arm_cfft_radix8by2_f32
                0x000000000800a25c      0x1a4 D:\Alberto\Documents\STM32CubeIDE\rsense-micro-dma-adc-freertos\lib\libarm_cortexM4lf_math.a(arm_cfft_f32.o)
                0x000000000800a25c                arm_cfft_radix8by2_f32
 .text.arm_cfft_radix8by4_f32
                0x000000000800a400      0x4bc D:\Alberto\Documents\STM32CubeIDE\rsense-micro-dma-adc-freertos\lib\libarm_cortexM4lf_math.a(arm_cfft_f32.o)
                0x000000000800a400                arm_cfft_radix8by4_f32
 .text.arm_cfft_f32
                0x000000000800a8bc       0xf4 D:\Alberto\Documents\STM32CubeIDE\rsense-micro-dma-adc-freertos\lib\libarm_cortexM4lf_math.a(arm_cfft_f32.o)
                0x000000000800a8bc                arm_cfft_f32
 .text.arm_cmplx_mag_f32
                0x000000000800a9b0      0x1d0 D:\Alberto\Documents\STM32CubeIDE\rsense-micro-dma-adc-freertos\lib\libarm_cortexM4lf_math.a(arm_cmplx_mag_f32.o)
                0x000000000800a9b0                arm_cmplx_mag_f32
 .text.arm_mult_f32
                0x000000000800ab80       0x8c D:\Alberto\Documents\STM32CubeIDE\rsense-micro-dma-adc-freertos\lib\libarm_cortexM4lf_math.a(arm_mult_f32.o)
                0x000000000800ab80                arm_mult_f32
 .text.arm_radix8_butterfly_f32
                0x000000000800ac0c      0x5c4 D:\Alberto\Documents\STM32CubeIDE\rsense-micro-dma-adc-freertos\lib\libarm_cortexM4lf_math.a(arm_cfft_radix8_f32.o)
                0x000000000800ac0c                arm_radix8_butterfly_f32
 .text.calloc   0x000000000800b1d0       0x10 d:/archivosdprograma/stm32cubeide_1.5.0/stm32cubeide/plugins/com.st.stm32cube.ide.mcu.externaltools.gnu-tools-for-stm32.7-2018-q2-update.win32_1.5.0.202011040924/tools/bin/../lib/gcc/arm-none-eabi/7.3.1/../../../../arm-none-eabi/lib/thumb/v7e-m/fpv4-sp/hard\libc_nano.a(lib_a-calloc.o)
                0x000000000800b1d0                calloc
 .text.__errno  0x000000000800b1e0        0xc d:/archivosdprograma/stm32cubeide_1.5.0/stm32cubeide/plugins/com.st.stm32cube.ide.mcu.externaltools.gnu-tools-for-stm32.7-2018-q2-update.win32_1.5.0.202011040924/tools/bin/../lib/gcc/arm-none-eabi/7.3.1/../../../../arm-none-eabi/lib/thumb/v7e-m/fpv4-sp/hard\libc_nano.a(lib_a-errno.o)
                0x000000000800b1e0                __errno
 .text.__libc_init_array
                0x000000000800b1ec       0x48 d:/archivosdprograma/stm32cubeide_1.5.0/stm32cubeide/plugins/com.st.stm32cube.ide.mcu.externaltools.gnu-tools-for-stm32.7-2018-q2-update.win32_1.5.0.202011040924/tools/bin/../lib/gcc/arm-none-eabi/7.3.1/../../../../arm-none-eabi/lib/thumb/v7e-m/fpv4-sp/hard\libc_nano.a(lib_a-init.o)
                0x000000000800b1ec                __libc_init_array
 .text.memcpy   0x000000000800b234       0x16 d:/archivosdprograma/stm32cubeide_1.5.0/stm32cubeide/plugins/com.st.stm32cube.ide.mcu.externaltools.gnu-tools-for-stm32.7-2018-q2-update.win32_1.5.0.202011040924/tools/bin/../lib/gcc/arm-none-eabi/7.3.1/../../../../arm-none-eabi/lib/thumb/v7e-m/fpv4-sp/hard\libc_nano.a(lib_a-memcpy-stub.o)
                0x000000000800b234                memcpy
 .text.memset   0x000000000800b24a       0x10 d:/archivosdprograma/stm32cubeide_1.5.0/stm32cubeide/plugins/com.st.stm32cube.ide.mcu.externaltools.gnu-tools-for-stm32.7-2018-q2-update.win32_1.5.0.202011040924/tools/bin/../lib/gcc/arm-none-eabi/7.3.1/../../../../arm-none-eabi/lib/thumb/v7e-m/fpv4-sp/hard\libc_nano.a(lib_a-memset.o)
                0x000000000800b24a                memset
 .text._calloc_r
                0x000000000800b25a       0x1c d:/archivosdprograma/stm32cubeide_1.5.0/stm32cubeide/plugins/com.st.stm32cube.ide.mcu.externaltools.gnu-tools-for-stm32.7-2018-q2-update.win32_1.5.0.202011040924/tools/bin/../lib/gcc/arm-none-eabi/7.3.1/../../../../arm-none-eabi/lib/thumb/v7e-m/fpv4-sp/hard\libc_nano.a(lib_a-nano-callocr.o)
                0x000000000800b25a                _calloc_r
 *fill*         0x000000000800b276        0x2 
 .text._malloc_r
                0x000000000800b278       0xb4 d:/archivosdprograma/stm32cubeide_1.5.0/stm32cubeide/plugins/com.st.stm32cube.ide.mcu.externaltools.gnu-tools-for-stm32.7-2018-q2-update.win32_1.5.0.202011040924/tools/bin/../lib/gcc/arm-none-eabi/7.3.1/../../../../arm-none-eabi/lib/thumb/v7e-m/fpv4-sp/hard\libc_nano.a(lib_a-nano-mallocr.o)
                0x000000000800b278                _malloc_r
 .text._sbrk_r  0x000000000800b32c       0x20 d:/archivosdprograma/stm32cubeide_1.5.0/stm32cubeide/plugins/com.st.stm32cube.ide.mcu.externaltools.gnu-tools-for-stm32.7-2018-q2-update.win32_1.5.0.202011040924/tools/bin/../lib/gcc/arm-none-eabi/7.3.1/../../../../arm-none-eabi/lib/thumb/v7e-m/fpv4-sp/hard\libc_nano.a(lib_a-sbrkr.o)
                0x000000000800b32c                _sbrk_r
 .text.__malloc_lock
                0x000000000800b34c        0x2 d:/archivosdprograma/stm32cubeide_1.5.0/stm32cubeide/plugins/com.st.stm32cube.ide.mcu.externaltools.gnu-tools-for-stm32.7-2018-q2-update.win32_1.5.0.202011040924/tools/bin/../lib/gcc/arm-none-eabi/7.3.1/../../../../arm-none-eabi/lib/thumb/v7e-m/fpv4-sp/hard\libc_nano.a(lib_a-mlock.o)
                0x000000000800b34c                __malloc_lock
 .text.__malloc_unlock
                0x000000000800b34e        0x2 d:/archivosdprograma/stm32cubeide_1.5.0/stm32cubeide/plugins/com.st.stm32cube.ide.mcu.externaltools.gnu-tools-for-stm32.7-2018-q2-update.win32_1.5.0.202011040924/tools/bin/../lib/gcc/arm-none-eabi/7.3.1/../../../../arm-none-eabi/lib/thumb/v7e-m/fpv4-sp/hard\libc_nano.a(lib_a-mlock.o)
                0x000000000800b34e                __malloc_unlock
 .text.cosf     0x000000000800b350       0x80 d:/archivosdprograma/stm32cubeide_1.5.0/stm32cubeide/plugins/com.st.stm32cube.ide.mcu.externaltools.gnu-tools-for-stm32.7-2018-q2-update.win32_1.5.0.202011040924/tools/bin/../lib/gcc/arm-none-eabi/7.3.1/../../../../arm-none-eabi/lib/thumb/v7e-m/fpv4-sp/hard\libm.a(lib_a-sf_cos.o)
                0x000000000800b350                cosf
 .text.log      0x000000000800b3d0      0x100 d:/archivosdprograma/stm32cubeide_1.5.0/stm32cubeide/plugins/com.st.stm32cube.ide.mcu.externaltools.gnu-tools-for-stm32.7-2018-q2-update.win32_1.5.0.202011040924/tools/bin/../lib/gcc/arm-none-eabi/7.3.1/../../../../arm-none-eabi/lib/thumb/v7e-m/fpv4-sp/hard\libm.a(lib_a-w_log.o)
                0x000000000800b3d0                log
 .text.sqrtf    0x000000000800b4d0       0xa0 d:/archivosdprograma/stm32cubeide_1.5.0/stm32cubeide/plugins/com.st.stm32cube.ide.mcu.externaltools.gnu-tools-for-stm32.7-2018-q2-update.win32_1.5.0.202011040924/tools/bin/../lib/gcc/arm-none-eabi/7.3.1/../../../../arm-none-eabi/lib/thumb/v7e-m/fpv4-sp/hard\libm.a(lib_a-wf_sqrt.o)
                0x000000000800b4d0                sqrtf
 .text.__ieee754_log
                0x000000000800b570      0x364 d:/archivosdprograma/stm32cubeide_1.5.0/stm32cubeide/plugins/com.st.stm32cube.ide.mcu.externaltools.gnu-tools-for-stm32.7-2018-q2-update.win32_1.5.0.202011040924/tools/bin/../lib/gcc/arm-none-eabi/7.3.1/../../../../arm-none-eabi/lib/thumb/v7e-m/fpv4-sp/hard\libm.a(lib_a-e_log.o)
                0x000000000800b570                __ieee754_log
 .text.__ieee754_rem_pio2f
                0x000000000800b8d4      0x258 d:/archivosdprograma/stm32cubeide_1.5.0/stm32cubeide/plugins/com.st.stm32cube.ide.mcu.externaltools.gnu-tools-for-stm32.7-2018-q2-update.win32_1.5.0.202011040924/tools/bin/../lib/gcc/arm-none-eabi/7.3.1/../../../../arm-none-eabi/lib/thumb/v7e-m/fpv4-sp/hard\libm.a(lib_a-ef_rem_pio2.o)
                0x000000000800b8d4                __ieee754_rem_pio2f
 .text.__ieee754_sqrtf
                0x000000000800bb2c        0x6 d:/archivosdprograma/stm32cubeide_1.5.0/stm32cubeide/plugins/com.st.stm32cube.ide.mcu.externaltools.gnu-tools-for-stm32.7-2018-q2-update.win32_1.5.0.202011040924/tools/bin/../lib/gcc/arm-none-eabi/7.3.1/../../../../arm-none-eabi/lib/thumb/v7e-m/fpv4-sp/hard\libm.a(lib_a-ef_sqrt.o)
                0x000000000800bb2c                __ieee754_sqrtf
 *fill*         0x000000000800bb32        0x2 
 .text.__kernel_cosf
                0x000000000800bb34       0xbc d:/archivosdprograma/stm32cubeide_1.5.0/stm32cubeide/plugins/com.st.stm32cube.ide.mcu.externaltools.gnu-tools-for-stm32.7-2018-q2-update.win32_1.5.0.202011040924/tools/bin/../lib/gcc/arm-none-eabi/7.3.1/../../../../arm-none-eabi/lib/thumb/v7e-m/fpv4-sp/hard\libm.a(lib_a-kf_cos.o)
                0x000000000800bb34                __kernel_cosf
 .text.__kernel_rem_pio2f
                0x000000000800bbf0      0x504 d:/archivosdprograma/stm32cubeide_1.5.0/stm32cubeide/plugins/com.st.stm32cube.ide.mcu.externaltools.gnu-tools-for-stm32.7-2018-q2-update.win32_1.5.0.202011040924/tools/bin/../lib/gcc/arm-none-eabi/7.3.1/../../../../arm-none-eabi/lib/thumb/v7e-m/fpv4-sp/hard\libm.a(lib_a-kf_rem_pio2.o)
                0x000000000800bbf0                __kernel_rem_pio2f
 .text.__kernel_sinf
                0x000000000800c0f4       0x90 d:/archivosdprograma/stm32cubeide_1.5.0/stm32cubeide/plugins/com.st.stm32cube.ide.mcu.externaltools.gnu-tools-for-stm32.7-2018-q2-update.win32_1.5.0.202011040924/tools/bin/../lib/gcc/arm-none-eabi/7.3.1/../../../../arm-none-eabi/lib/thumb/v7e-m/fpv4-sp/hard\libm.a(lib_a-kf_sin.o)
                0x000000000800c0f4                __kernel_sinf
 .text.matherr  0x000000000800c184        0x4 d:/archivosdprograma/stm32cubeide_1.5.0/stm32cubeide/plugins/com.st.stm32cube.ide.mcu.externaltools.gnu-tools-for-stm32.7-2018-q2-update.win32_1.5.0.202011040924/tools/bin/../lib/gcc/arm-none-eabi/7.3.1/../../../../arm-none-eabi/lib/thumb/v7e-m/fpv4-sp/hard\libm.a(lib_a-s_matherr.o)
                0x000000000800c184                matherr
 .text.nan      0x000000000800c188       0x10 d:/archivosdprograma/stm32cubeide_1.5.0/stm32cubeide/plugins/com.st.stm32cube.ide.mcu.externaltools.gnu-tools-for-stm32.7-2018-q2-update.win32_1.5.0.202011040924/tools/bin/../lib/gcc/arm-none-eabi/7.3.1/../../../../arm-none-eabi/lib/thumb/v7e-m/fpv4-sp/hard\libm.a(lib_a-s_nan.o)
                0x000000000800c188                nan
 .text.fabsf    0x000000000800c198        0xe d:/archivosdprograma/stm32cubeide_1.5.0/stm32cubeide/plugins/com.st.stm32cube.ide.mcu.externaltools.gnu-tools-for-stm32.7-2018-q2-update.win32_1.5.0.202011040924/tools/bin/../lib/gcc/arm-none-eabi/7.3.1/../../../../arm-none-eabi/lib/thumb/v7e-m/fpv4-sp/hard\libm.a(lib_a-sf_fabs.o)
                0x000000000800c198                fabsf
 *fill*         0x000000000800c1a6        0x2 
 .text.floorf   0x000000000800c1a8       0x84 d:/archivosdprograma/stm32cubeide_1.5.0/stm32cubeide/plugins/com.st.stm32cube.ide.mcu.externaltools.gnu-tools-for-stm32.7-2018-q2-update.win32_1.5.0.202011040924/tools/bin/../lib/gcc/arm-none-eabi/7.3.1/../../../../arm-none-eabi/lib/thumb/v7e-m/fpv4-sp/hard\libm.a(lib_a-sf_floor.o)
                0x000000000800c1a8                floorf
 .text.scalbnf  0x000000000800c22c       0xc0 d:/archivosdprograma/stm32cubeide_1.5.0/stm32cubeide/plugins/com.st.stm32cube.ide.mcu.externaltools.gnu-tools-for-stm32.7-2018-q2-update.win32_1.5.0.202011040924/tools/bin/../lib/gcc/arm-none-eabi/7.3.1/../../../../arm-none-eabi/lib/thumb/v7e-m/fpv4-sp/hard\libm.a(lib_a-sf_scalbn.o)
                0x000000000800c22c                scalbnf
 .text.copysignf
                0x000000000800c2ec       0x18 d:/archivosdprograma/stm32cubeide_1.5.0/stm32cubeide/plugins/com.st.stm32cube.ide.mcu.externaltools.gnu-tools-for-stm32.7-2018-q2-update.win32_1.5.0.202011040924/tools/bin/../lib/gcc/arm-none-eabi/7.3.1/../../../../arm-none-eabi/lib/thumb/v7e-m/fpv4-sp/hard\libm.a(lib_a-sf_copysign.o)
                0x000000000800c2ec                copysignf
 *(.glue_7)
 .glue_7        0x000000000800c304        0x0 linker stubs
 *(.glue_7t)
 .glue_7t       0x000000000800c304        0x0 linker stubs
 *(.eh_frame)
 .eh_frame      0x000000000800c304        0x0 d:/archivosdprograma/stm32cubeide_1.5.0/stm32cubeide/plugins/com.st.stm32cube.ide.mcu.externaltools.gnu-tools-for-stm32.7-2018-q2-update.win32_1.5.0.202011040924/tools/bin/../lib/gcc/arm-none-eabi/7.3.1/thumb/v7e-m/fpv4-sp/hard/crtbegin.o
 *(.init)
 .init          0x000000000800c304        0x4 d:/archivosdprograma/stm32cubeide_1.5.0/stm32cubeide/plugins/com.st.stm32cube.ide.mcu.externaltools.gnu-tools-for-stm32.7-2018-q2-update.win32_1.5.0.202011040924/tools/bin/../lib/gcc/arm-none-eabi/7.3.1/thumb/v7e-m/fpv4-sp/hard/crti.o
                0x000000000800c304                _init
 .init          0x000000000800c308        0x8 d:/archivosdprograma/stm32cubeide_1.5.0/stm32cubeide/plugins/com.st.stm32cube.ide.mcu.externaltools.gnu-tools-for-stm32.7-2018-q2-update.win32_1.5.0.202011040924/tools/bin/../lib/gcc/arm-none-eabi/7.3.1/thumb/v7e-m/fpv4-sp/hard/crtn.o
 *(.fini)
 .fini          0x000000000800c310        0x4 d:/archivosdprograma/stm32cubeide_1.5.0/stm32cubeide/plugins/com.st.stm32cube.ide.mcu.externaltools.gnu-tools-for-stm32.7-2018-q2-update.win32_1.5.0.202011040924/tools/bin/../lib/gcc/arm-none-eabi/7.3.1/thumb/v7e-m/fpv4-sp/hard/crti.o
                0x000000000800c310                _fini
 .fini          0x000000000800c314        0x8 d:/archivosdprograma/stm32cubeide_1.5.0/stm32cubeide/plugins/com.st.stm32cube.ide.mcu.externaltools.gnu-tools-for-stm32.7-2018-q2-update.win32_1.5.0.202011040924/tools/bin/../lib/gcc/arm-none-eabi/7.3.1/thumb/v7e-m/fpv4-sp/hard/crtn.o
                0x000000000800c31c                . = ALIGN (0x4)
                0x000000000800c31c                _etext = .

.vfp11_veneer   0x000000000800c31c        0x0
 .vfp11_veneer  0x000000000800c31c        0x0 linker stubs

.v4_bx          0x000000000800c31c        0x0
 .v4_bx         0x000000000800c31c        0x0 linker stubs

.iplt           0x000000000800c31c        0x0
 .iplt          0x000000000800c31c        0x0 d:/archivosdprograma/stm32cubeide_1.5.0/stm32cubeide/plugins/com.st.stm32cube.ide.mcu.externaltools.gnu-tools-for-stm32.7-2018-q2-update.win32_1.5.0.202011040924/tools/bin/../lib/gcc/arm-none-eabi/7.3.1/thumb/v7e-m/fpv4-sp/hard/crtbegin.o

.rodata         0x000000000800c31c    0x13920
                0x000000000800c31c                . = ALIGN (0x4)
 *(.rodata)
 .rodata        0x000000000800c31c       0x5d Core/Src/main.o
 *fill*         0x000000000800c379        0x3 
 .rodata        0x000000000800c37c       0x10 Drivers/STM32L4xx_HAL_Driver/Src/stm32l4xx_hal_uart_ex.o
 .rodata        0x000000000800c38c        0x5 Middlewares/Third_Party/FreeRTOS/Source/tasks.o
 *(.rodata*)
 *fill*         0x000000000800c391        0x3 
 .rodata.os_pool_def_amicPool
                0x000000000800c394        0xc Core/Src/main.o
                0x000000000800c394                os_pool_def_amicPool
 .rodata.os_semaphore_def_fft_data_input_sem
                0x000000000800c3a0        0x8 Core/Src/main.o
 .rodata.AHBPrescTable
                0x000000000800c3a8       0x10 Core/Src/system_stm32l4xx.o
                0x000000000800c3a8                AHBPrescTable
 .rodata.APBPrescTable
                0x000000000800c3b8        0x8 Core/Src/system_stm32l4xx.o
                0x000000000800c3b8                APBPrescTable
 .rodata.MSIRangeTable
                0x000000000800c3c0       0x30 Core/Src/system_stm32l4xx.o
                0x000000000800c3c0                MSIRangeTable
 .rodata.UARTPrescTable
                0x000000000800c3f0       0x18 Drivers/STM32L4xx_HAL_Driver/Src/stm32l4xx_hal_uart.o
                0x000000000800c3f0                UARTPrescTable
 .rodata.twiddleCoef_2048
                0x000000000800c408     0x4000 D:\Alberto\Documents\STM32CubeIDE\rsense-micro-dma-adc-freertos\lib\libarm_cortexM4lf_math.a(arm_common_tables.o)
                0x000000000800c408                twiddleCoef_2048
 .rodata.twiddleCoef_rfft_64
                0x0000000008010408      0x100 D:\Alberto\Documents\STM32CubeIDE\rsense-micro-dma-adc-freertos\lib\libarm_cortexM4lf_math.a(arm_common_tables.o)
                0x0000000008010408                twiddleCoef_rfft_64
 .rodata.armBitRevIndexTable64
                0x0000000008010508       0x70 D:\Alberto\Documents\STM32CubeIDE\rsense-micro-dma-adc-freertos\lib\libarm_cortexM4lf_math.a(arm_common_tables.o)
                0x0000000008010508                armBitRevIndexTable64
 .rodata.twiddleCoef_rfft_2048
                0x0000000008010578     0x2000 D:\Alberto\Documents\STM32CubeIDE\rsense-micro-dma-adc-freertos\lib\libarm_cortexM4lf_math.a(arm_common_tables.o)
                0x0000000008010578                twiddleCoef_rfft_2048
 .rodata.twiddleCoef_rfft_4096
                0x0000000008012578     0x4000 D:\Alberto\Documents\STM32CubeIDE\rsense-micro-dma-adc-freertos\lib\libarm_cortexM4lf_math.a(arm_common_tables.o)
                0x0000000008012578                twiddleCoef_rfft_4096
 .rodata.twiddleCoef_256
                0x0000000008016578      0x800 D:\Alberto\Documents\STM32CubeIDE\rsense-micro-dma-adc-freertos\lib\libarm_cortexM4lf_math.a(arm_common_tables.o)
                0x0000000008016578                twiddleCoef_256
 .rodata.twiddleCoef_16
                0x0000000008016d78       0x80 D:\Alberto\Documents\STM32CubeIDE\rsense-micro-dma-adc-freertos\lib\libarm_cortexM4lf_math.a(arm_common_tables.o)
                0x0000000008016d78                twiddleCoef_16
 .rodata.twiddleCoef_1024
                0x0000000008016df8     0x2000 D:\Alberto\Documents\STM32CubeIDE\rsense-micro-dma-adc-freertos\lib\libarm_cortexM4lf_math.a(arm_common_tables.o)
                0x0000000008016df8                twiddleCoef_1024
 .rodata.twiddleCoef_32
                0x0000000008018df8      0x100 D:\Alberto\Documents\STM32CubeIDE\rsense-micro-dma-adc-freertos\lib\libarm_cortexM4lf_math.a(arm_common_tables.o)
                0x0000000008018df8                twiddleCoef_32
 .rodata.armBitRevIndexTable1024
                0x0000000008018ef8      0xe10 D:\Alberto\Documents\STM32CubeIDE\rsense-micro-dma-adc-freertos\lib\libarm_cortexM4lf_math.a(arm_common_tables.o)
                0x0000000008018ef8                armBitRevIndexTable1024
 .rodata.armBitRevIndexTable16
                0x0000000008019d08       0x28 D:\Alberto\Documents\STM32CubeIDE\rsense-micro-dma-adc-freertos\lib\libarm_cortexM4lf_math.a(arm_common_tables.o)
                0x0000000008019d08                armBitRevIndexTable16
 .rodata.twiddleCoef_rfft_32
                0x0000000008019d30       0x80 D:\Alberto\Documents\STM32CubeIDE\rsense-micro-dma-adc-freertos\lib\libarm_cortexM4lf_math.a(arm_common_tables.o)
                0x0000000008019d30                twiddleCoef_rfft_32
 .rodata.armBitRevIndexTable32
                0x0000000008019db0       0x60 D:\Alberto\Documents\STM32CubeIDE\rsense-micro-dma-adc-freertos\lib\libarm_cortexM4lf_math.a(arm_common_tables.o)
                0x0000000008019db0                armBitRevIndexTable32
 .rodata.twiddleCoef_128
                0x0000000008019e10      0x400 D:\Alberto\Documents\STM32CubeIDE\rsense-micro-dma-adc-freertos\lib\libarm_cortexM4lf_math.a(arm_common_tables.o)
                0x0000000008019e10                twiddleCoef_128
 .rodata.twiddleCoef_512
                0x000000000801a210     0x1000 D:\Alberto\Documents\STM32CubeIDE\rsense-micro-dma-adc-freertos\lib\libarm_cortexM4lf_math.a(arm_common_tables.o)
                0x000000000801a210                twiddleCoef_512
 .rodata.armBitRevIndexTable2048
                0x000000000801b210     0x1dc0 D:\Alberto\Documents\STM32CubeIDE\rsense-micro-dma-adc-freertos\lib\libarm_cortexM4lf_math.a(arm_common_tables.o)
                0x000000000801b210                armBitRevIndexTable2048
 .rodata.twiddleCoef_64
                0x000000000801cfd0      0x200 D:\Alberto\Documents\STM32CubeIDE\rsense-micro-dma-adc-freertos\lib\libarm_cortexM4lf_math.a(arm_common_tables.o)
                0x000000000801cfd0                twiddleCoef_64
 .rodata.twiddleCoef_rfft_512
                0x000000000801d1d0      0x800 D:\Alberto\Documents\STM32CubeIDE\rsense-micro-dma-adc-freertos\lib\libarm_cortexM4lf_math.a(arm_common_tables.o)
                0x000000000801d1d0                twiddleCoef_rfft_512
 .rodata.armBitRevIndexTable512
                0x000000000801d9d0      0x380 D:\Alberto\Documents\STM32CubeIDE\rsense-micro-dma-adc-freertos\lib\libarm_cortexM4lf_math.a(arm_common_tables.o)
                0x000000000801d9d0                armBitRevIndexTable512
 .rodata.twiddleCoef_rfft_1024
                0x000000000801dd50     0x1000 D:\Alberto\Documents\STM32CubeIDE\rsense-micro-dma-adc-freertos\lib\libarm_cortexM4lf_math.a(arm_common_tables.o)
                0x000000000801dd50                twiddleCoef_rfft_1024
 .rodata.twiddleCoef_rfft_256
                0x000000000801ed50      0x400 D:\Alberto\Documents\STM32CubeIDE\rsense-micro-dma-adc-freertos\lib\libarm_cortexM4lf_math.a(arm_common_tables.o)
                0x000000000801ed50                twiddleCoef_rfft_256
 .rodata.armBitRevIndexTable256
                0x000000000801f150      0x370 D:\Alberto\Documents\STM32CubeIDE\rsense-micro-dma-adc-freertos\lib\libarm_cortexM4lf_math.a(arm_common_tables.o)
                0x000000000801f150                armBitRevIndexTable256
 .rodata.twiddleCoef_rfft_128
                0x000000000801f4c0      0x200 D:\Alberto\Documents\STM32CubeIDE\rsense-micro-dma-adc-freertos\lib\libarm_cortexM4lf_math.a(arm_common_tables.o)
                0x000000000801f4c0                twiddleCoef_rfft_128
 .rodata.armBitRevIndexTable128
                0x000000000801f6c0      0x1a0 D:\Alberto\Documents\STM32CubeIDE\rsense-micro-dma-adc-freertos\lib\libarm_cortexM4lf_math.a(arm_common_tables.o)
                0x000000000801f6c0                armBitRevIndexTable128
 .rodata.log.str1.1
                0x000000000801f860        0x4 d:/archivosdprograma/stm32cubeide_1.5.0/stm32cubeide/plugins/com.st.stm32cube.ide.mcu.externaltools.gnu-tools-for-stm32.7-2018-q2-update.win32_1.5.0.202011040924/tools/bin/../lib/gcc/arm-none-eabi/7.3.1/../../../../arm-none-eabi/lib/thumb/v7e-m/fpv4-sp/hard\libm.a(lib_a-w_log.o)
                                          0x5 (size before relaxing)
 .rodata.sqrtf.str1.1
                0x000000000801f864        0x6 d:/archivosdprograma/stm32cubeide_1.5.0/stm32cubeide/plugins/com.st.stm32cube.ide.mcu.externaltools.gnu-tools-for-stm32.7-2018-q2-update.win32_1.5.0.202011040924/tools/bin/../lib/gcc/arm-none-eabi/7.3.1/../../../../arm-none-eabi/lib/thumb/v7e-m/fpv4-sp/hard\libm.a(lib_a-wf_sqrt.o)
 *fill*         0x000000000801f86a        0x2 
 .rodata.npio2_hw
                0x000000000801f86c       0x80 d:/archivosdprograma/stm32cubeide_1.5.0/stm32cubeide/plugins/com.st.stm32cube.ide.mcu.externaltools.gnu-tools-for-stm32.7-2018-q2-update.win32_1.5.0.202011040924/tools/bin/../lib/gcc/arm-none-eabi/7.3.1/../../../../arm-none-eabi/lib/thumb/v7e-m/fpv4-sp/hard\libm.a(lib_a-ef_rem_pio2.o)
 .rodata.two_over_pi
                0x000000000801f8ec      0x318 d:/archivosdprograma/stm32cubeide_1.5.0/stm32cubeide/plugins/com.st.stm32cube.ide.mcu.externaltools.gnu-tools-for-stm32.7-2018-q2-update.win32_1.5.0.202011040924/tools/bin/../lib/gcc/arm-none-eabi/7.3.1/../../../../arm-none-eabi/lib/thumb/v7e-m/fpv4-sp/hard\libm.a(lib_a-ef_rem_pio2.o)
 .rodata.PIo2   0x000000000801fc04       0x2c d:/archivosdprograma/stm32cubeide_1.5.0/stm32cubeide/plugins/com.st.stm32cube.ide.mcu.externaltools.gnu-tools-for-stm32.7-2018-q2-update.win32_1.5.0.202011040924/tools/bin/../lib/gcc/arm-none-eabi/7.3.1/../../../../arm-none-eabi/lib/thumb/v7e-m/fpv4-sp/hard\libm.a(lib_a-kf_rem_pio2.o)
 .rodata.init_jk
                0x000000000801fc30        0xc d:/archivosdprograma/stm32cubeide_1.5.0/stm32cubeide/plugins/com.st.stm32cube.ide.mcu.externaltools.gnu-tools-for-stm32.7-2018-q2-update.win32_1.5.0.202011040924/tools/bin/../lib/gcc/arm-none-eabi/7.3.1/../../../../arm-none-eabi/lib/thumb/v7e-m/fpv4-sp/hard\libm.a(lib_a-kf_rem_pio2.o)
                0x000000000801fc3c                . = ALIGN (0x4)

.ARM.extab      0x000000000801fc3c        0x0
                0x000000000801fc3c                . = ALIGN (0x4)
 *(.ARM.extab* .gnu.linkonce.armextab.*)
                0x000000000801fc3c                . = ALIGN (0x4)

.ARM            0x000000000801fc3c        0x8
                0x000000000801fc3c                . = ALIGN (0x4)
                0x000000000801fc3c                __exidx_start = .
 *(.ARM.exidx*)
 .ARM.exidx     0x000000000801fc3c        0x8 d:/archivosdprograma/stm32cubeide_1.5.0/stm32cubeide/plugins/com.st.stm32cube.ide.mcu.externaltools.gnu-tools-for-stm32.7-2018-q2-update.win32_1.5.0.202011040924/tools/bin/../lib/gcc/arm-none-eabi/7.3.1/thumb/v7e-m/fpv4-sp/hard\libgcc.a(_udivmoddi4.o)
                0x000000000801fc44                __exidx_end = .
                0x000000000801fc44                . = ALIGN (0x4)

.rel.dyn        0x000000000801fc44        0x0
 .rel.iplt      0x000000000801fc44        0x0 d:/archivosdprograma/stm32cubeide_1.5.0/stm32cubeide/plugins/com.st.stm32cube.ide.mcu.externaltools.gnu-tools-for-stm32.7-2018-q2-update.win32_1.5.0.202011040924/tools/bin/../lib/gcc/arm-none-eabi/7.3.1/thumb/v7e-m/fpv4-sp/hard/crtbegin.o

.preinit_array  0x000000000801fc44        0x0
                0x000000000801fc44                . = ALIGN (0x4)
                0x000000000801fc44                PROVIDE (__preinit_array_start = .)
 *(.preinit_array*)
                0x000000000801fc44                PROVIDE (__preinit_array_end = .)
                0x000000000801fc44                . = ALIGN (0x4)

.init_array     0x000000000801fc44        0x4
                0x000000000801fc44                . = ALIGN (0x4)
                0x000000000801fc44                PROVIDE (__init_array_start = .)
 *(SORT_BY_NAME(.init_array.*))
 *(.init_array*)
 .init_array    0x000000000801fc44        0x4 d:/archivosdprograma/stm32cubeide_1.5.0/stm32cubeide/plugins/com.st.stm32cube.ide.mcu.externaltools.gnu-tools-for-stm32.7-2018-q2-update.win32_1.5.0.202011040924/tools/bin/../lib/gcc/arm-none-eabi/7.3.1/thumb/v7e-m/fpv4-sp/hard/crtbegin.o
                0x000000000801fc48                PROVIDE (__init_array_end = .)
                0x000000000801fc48                . = ALIGN (0x4)

.fini_array     0x000000000801fc48        0x4
                0x000000000801fc48                . = ALIGN (0x4)
                [!provide]                        PROVIDE (__fini_array_start = .)
 *(SORT_BY_NAME(.fini_array.*))
 *(.fini_array*)
 .fini_array    0x000000000801fc48        0x4 d:/archivosdprograma/stm32cubeide_1.5.0/stm32cubeide/plugins/com.st.stm32cube.ide.mcu.externaltools.gnu-tools-for-stm32.7-2018-q2-update.win32_1.5.0.202011040924/tools/bin/../lib/gcc/arm-none-eabi/7.3.1/thumb/v7e-m/fpv4-sp/hard/crtbegin.o
                [!provide]                        PROVIDE (__fini_array_end = .)
                0x000000000801fc4c                . = ALIGN (0x4)
                0x000000000801fc4c                _sidata = LOADADDR (.data)

.data           0x0000000020000000       0x78 load address 0x000000000801fc4c
                0x0000000020000000                . = ALIGN (0x4)
                0x0000000020000000                _sdata = .
 *(.data)
 *(.data*)
 .data.SystemCoreClock
                0x0000000020000000        0x4 Core/Src/system_stm32l4xx.o
                0x0000000020000000                SystemCoreClock
 .data.uwTickPrio
                0x0000000020000004        0x4 Drivers/STM32L4xx_HAL_Driver/Src/stm32l4xx_hal.o
                0x0000000020000004                uwTickPrio
 .data.uwTickFreq
                0x0000000020000008        0x1 Drivers/STM32L4xx_HAL_Driver/Src/stm32l4xx_hal.o
                0x0000000020000008                uwTickFreq
 *fill*         0x0000000020000009        0x3 
 .data.uxCriticalNesting
                0x000000002000000c        0x4 Middlewares/Third_Party/FreeRTOS/Source/portable/GCC/ARM_CM4F/port.o
 .data._impure_ptr
                0x0000000020000010        0x4 d:/archivosdprograma/stm32cubeide_1.5.0/stm32cubeide/plugins/com.st.stm32cube.ide.mcu.externaltools.gnu-tools-for-stm32.7-2018-q2-update.win32_1.5.0.202011040924/tools/bin/../lib/gcc/arm-none-eabi/7.3.1/../../../../arm-none-eabi/lib/thumb/v7e-m/fpv4-sp/hard\libc_nano.a(lib_a-impure.o)
                0x0000000020000010                _impure_ptr
 .data.impure_data
                0x0000000020000014       0x60 d:/archivosdprograma/stm32cubeide_1.5.0/stm32cubeide/plugins/com.st.stm32cube.ide.mcu.externaltools.gnu-tools-for-stm32.7-2018-q2-update.win32_1.5.0.202011040924/tools/bin/../lib/gcc/arm-none-eabi/7.3.1/../../../../arm-none-eabi/lib/thumb/v7e-m/fpv4-sp/hard\libc_nano.a(lib_a-impure.o)
 .data.__fdlib_version
                0x0000000020000074        0x1 d:/archivosdprograma/stm32cubeide_1.5.0/stm32cubeide/plugins/com.st.stm32cube.ide.mcu.externaltools.gnu-tools-for-stm32.7-2018-q2-update.win32_1.5.0.202011040924/tools/bin/../lib/gcc/arm-none-eabi/7.3.1/../../../../arm-none-eabi/lib/thumb/v7e-m/fpv4-sp/hard\libm.a(lib_a-s_lib_ver.o)
                0x0000000020000074                __fdlib_version
 *(.RamFunc)
 *(.RamFunc*)
                0x0000000020000078                . = ALIGN (0x4)
 *fill*         0x0000000020000075        0x3 
                0x0000000020000078                _edata = .

.igot.plt       0x0000000020000078        0x0 load address 0x000000000801fcc4
 .igot.plt      0x0000000020000078        0x0 d:/archivosdprograma/stm32cubeide_1.5.0/stm32cubeide/plugins/com.st.stm32cube.ide.mcu.externaltools.gnu-tools-for-stm32.7-2018-q2-update.win32_1.5.0.202011040924/tools/bin/../lib/gcc/arm-none-eabi/7.3.1/thumb/v7e-m/fpv4-sp/hard/crtbegin.o
                0x0000000020000078                . = ALIGN (0x4)

.bss            0x0000000020000078     0x1d98 load address 0x000000000801fcc4
                0x0000000020000078                _sbss = .
                0x0000000020000078                __bss_start__ = _sbss
 *(.bss)
 .bss           0x0000000020000078       0x1c d:/archivosdprograma/stm32cubeide_1.5.0/stm32cubeide/plugins/com.st.stm32cube.ide.mcu.externaltools.gnu-tools-for-stm32.7-2018-q2-update.win32_1.5.0.202011040924/tools/bin/../lib/gcc/arm-none-eabi/7.3.1/thumb/v7e-m/fpv4-sp/hard/crtbegin.o
 *(.bss*)
 .bss.xIdleTaskTCBBuffer
                0x0000000020000094       0x54 Core/Src/freertos.o
 .bss.xIdleStack
                0x00000000200000e8      0x200 Core/Src/freertos.o
 .bss.Mitad1    0x00000000200002e8        0x1 Core/Src/main.o
                0x00000000200002e8                Mitad1
 *fill*         0x00000000200002e9        0x3 
 .bss.fft_data_input_sem_id
                0x00000000200002ec        0x4 Core/Src/main.o
 .bss.__sbrk_heap_end
                0x00000000200002f0        0x4 Core/Src/sysmem.o
 .bss.pxCurrentTCB
                0x00000000200002f4        0x4 Middlewares/Third_Party/FreeRTOS/Source/tasks.o
                0x00000000200002f4                pxCurrentTCB
 .bss.pxReadyTasksLists
                0x00000000200002f8       0x8c Middlewares/Third_Party/FreeRTOS/Source/tasks.o
 .bss.xDelayedTaskList1
                0x0000000020000384       0x14 Middlewares/Third_Party/FreeRTOS/Source/tasks.o
 .bss.xDelayedTaskList2
                0x0000000020000398       0x14 Middlewares/Third_Party/FreeRTOS/Source/tasks.o
 .bss.pxDelayedTaskList
                0x00000000200003ac        0x4 Middlewares/Third_Party/FreeRTOS/Source/tasks.o
 .bss.pxOverflowDelayedTaskList
                0x00000000200003b0        0x4 Middlewares/Third_Party/FreeRTOS/Source/tasks.o
 .bss.xPendingReadyList
                0x00000000200003b4       0x14 Middlewares/Third_Party/FreeRTOS/Source/tasks.o
 .bss.xTasksWaitingTermination
                0x00000000200003c8       0x14 Middlewares/Third_Party/FreeRTOS/Source/tasks.o
 .bss.uxDeletedTasksWaitingCleanUp
                0x00000000200003dc        0x4 Middlewares/Third_Party/FreeRTOS/Source/tasks.o
 .bss.xSuspendedTaskList
                0x00000000200003e0       0x14 Middlewares/Third_Party/FreeRTOS/Source/tasks.o
 .bss.uxCurrentNumberOfTasks
                0x00000000200003f4        0x4 Middlewares/Third_Party/FreeRTOS/Source/tasks.o
 .bss.xTickCount
                0x00000000200003f8        0x4 Middlewares/Third_Party/FreeRTOS/Source/tasks.o
 .bss.uxTopReadyPriority
                0x00000000200003fc        0x4 Middlewares/Third_Party/FreeRTOS/Source/tasks.o
 .bss.xSchedulerRunning
                0x0000000020000400        0x4 Middlewares/Third_Party/FreeRTOS/Source/tasks.o
 .bss.uxPendedTicks
                0x0000000020000404        0x4 Middlewares/Third_Party/FreeRTOS/Source/tasks.o
 .bss.xYieldPending
                0x0000000020000408        0x4 Middlewares/Third_Party/FreeRTOS/Source/tasks.o
 .bss.xNumOfOverflows
                0x000000002000040c        0x4 Middlewares/Third_Party/FreeRTOS/Source/tasks.o
 .bss.uxTaskNumber
                0x0000000020000410        0x4 Middlewares/Third_Party/FreeRTOS/Source/tasks.o
 .bss.xNextTaskUnblockTime
                0x0000000020000414        0x4 Middlewares/Third_Party/FreeRTOS/Source/tasks.o
 .bss.xIdleTaskHandle
                0x0000000020000418        0x4 Middlewares/Third_Party/FreeRTOS/Source/tasks.o
 .bss.uxSchedulerSuspended
                0x000000002000041c        0x4 Middlewares/Third_Party/FreeRTOS/Source/tasks.o
 .bss.ucMaxSysCallPriority
                0x0000000020000420        0x1 Middlewares/Third_Party/FreeRTOS/Source/portable/GCC/ARM_CM4F/port.o
 *fill*         0x0000000020000421        0x3 
 .bss.ulMaxPRIGROUPValue
                0x0000000020000424        0x4 Middlewares/Third_Party/FreeRTOS/Source/portable/GCC/ARM_CM4F/port.o
 .bss.ucHeap    0x0000000020000428      0xbb8 Middlewares/Third_Party/FreeRTOS/Source/portable/MemMang/heap_4.o
 .bss.xStart    0x0000000020000fe0        0x8 Middlewares/Third_Party/FreeRTOS/Source/portable/MemMang/heap_4.o
 .bss.pxEnd     0x0000000020000fe8        0x4 Middlewares/Third_Party/FreeRTOS/Source/portable/MemMang/heap_4.o
 .bss.xFreeBytesRemaining
                0x0000000020000fec        0x4 Middlewares/Third_Party/FreeRTOS/Source/portable/MemMang/heap_4.o
 .bss.xMinimumEverFreeBytesRemaining
                0x0000000020000ff0        0x4 Middlewares/Third_Party/FreeRTOS/Source/portable/MemMang/heap_4.o
 .bss.xBlockAllocatedBit
                0x0000000020000ff4        0x4 Middlewares/Third_Party/FreeRTOS/Source/portable/MemMang/heap_4.o
 .bss.__malloc_free_list
                0x0000000020000ff8        0x4 d:/archivosdprograma/stm32cubeide_1.5.0/stm32cubeide/plugins/com.st.stm32cube.ide.mcu.externaltools.gnu-tools-for-stm32.7-2018-q2-update.win32_1.5.0.202011040924/tools/bin/../lib/gcc/arm-none-eabi/7.3.1/../../../../arm-none-eabi/lib/thumb/v7e-m/fpv4-sp/hard\libc_nano.a(lib_a-nano-mallocr.o)
                0x0000000020000ff8                __malloc_free_list
 .bss.__malloc_sbrk_start
                0x0000000020000ffc        0x4 d:/archivosdprograma/stm32cubeide_1.5.0/stm32cubeide/plugins/com.st.stm32cube.ide.mcu.externaltools.gnu-tools-for-stm32.7-2018-q2-update.win32_1.5.0.202011040924/tools/bin/../lib/gcc/arm-none-eabi/7.3.1/../../../../arm-none-eabi/lib/thumb/v7e-m/fpv4-sp/hard\libc_nano.a(lib_a-nano-mallocr.o)
                0x0000000020000ffc                __malloc_sbrk_start
 *(COMMON)
 COMMON         0x0000000020001000      0xdbc Core/Src/main.o
                0x0000000020001000                Sender_HPT_Handler
                0x0000000020001004                defaultTaskHandle
                0x0000000020001008                Receiver_Handler
                0x000000002000100c                estado
                0x000000002000100d                Rx_data
                0x0000000020001010                SimpleQueue
                0x0000000020001014                amicPool_id
                0x0000000020001018                hadc1
                0x0000000020001080                hdma_adc1
                0x00000000200010e0                audio_fft_M1
                0x000000002000112c                FFT_Out
                0x0000000020001130                FFT_log
                0x0000000020001930                adc_buf
                0x0000000020001d30                huart2
 COMMON         0x0000000020001dbc       0x4c Core/Src/stm32l4xx_hal_timebase_tim.o
                0x0000000020001dbc                htim6
 COMMON         0x0000000020001e08        0x4 Drivers/STM32L4xx_HAL_Driver/Src/stm32l4xx_hal.o
                0x0000000020001e08                uwTick
 COMMON         0x0000000020001e0c        0x4 d:/archivosdprograma/stm32cubeide_1.5.0/stm32cubeide/plugins/com.st.stm32cube.ide.mcu.externaltools.gnu-tools-for-stm32.7-2018-q2-update.win32_1.5.0.202011040924/tools/bin/../lib/gcc/arm-none-eabi/7.3.1/../../../../arm-none-eabi/lib/thumb/v7e-m/fpv4-sp/hard\libc_nano.a(lib_a-reent.o)
                0x0000000020001e0c                errno
                0x0000000020001e10                . = ALIGN (0x4)
                0x0000000020001e10                _ebss = .
                0x0000000020001e10                __bss_end__ = _ebss

._user_heap_stack
                0x0000000020001e10      0x600 load address 0x000000000801fcc4
                0x0000000020001e10                . = ALIGN (0x8)
                [!provide]                        PROVIDE (end = .)
                0x0000000020001e10                PROVIDE (_end = .)
                0x0000000020002010                . = (. + _Min_Heap_Size)
 *fill*         0x0000000020001e10      0x200 
                0x0000000020002410                . = (. + _Min_Stack_Size)
 *fill*         0x0000000020002010      0x400 
                0x0000000020002410                . = ALIGN (0x8)

/DISCARD/
 libc.a(*)
 libm.a(*)
 libgcc.a(*)

.ARM.attributes
                0x0000000000000000       0x30
 *(.ARM.attributes)
 .ARM.attributes
                0x0000000000000000       0x22 d:/archivosdprograma/stm32cubeide_1.5.0/stm32cubeide/plugins/com.st.stm32cube.ide.mcu.externaltools.gnu-tools-for-stm32.7-2018-q2-update.win32_1.5.0.202011040924/tools/bin/../lib/gcc/arm-none-eabi/7.3.1/thumb/v7e-m/fpv4-sp/hard/crti.o
 .ARM.attributes
                0x0000000000000022       0x34 d:/archivosdprograma/stm32cubeide_1.5.0/stm32cubeide/plugins/com.st.stm32cube.ide.mcu.externaltools.gnu-tools-for-stm32.7-2018-q2-update.win32_1.5.0.202011040924/tools/bin/../lib/gcc/arm-none-eabi/7.3.1/thumb/v7e-m/fpv4-sp/hard/crtbegin.o
 .ARM.attributes
                0x0000000000000056       0x39 Core/Src/audio_fft.o
 .ARM.attributes
                0x000000000000008f       0x39 Core/Src/freertos.o
 .ARM.attributes
                0x00000000000000c8       0x39 Core/Src/main.o
 .ARM.attributes
                0x0000000000000101       0x39 Core/Src/stm32l4xx_hal_msp.o
 .ARM.attributes
                0x000000000000013a       0x39 Core/Src/stm32l4xx_hal_timebase_tim.o
 .ARM.attributes
                0x0000000000000173       0x39 Core/Src/stm32l4xx_it.o
 .ARM.attributes
                0x00000000000001ac       0x39 Core/Src/sysmem.o
 .ARM.attributes
                0x00000000000001e5       0x39 Core/Src/system_stm32l4xx.o
 .ARM.attributes
                0x000000000000021e       0x21 Core/Startup/startup_stm32l4r9zijx.o
 .ARM.attributes
                0x000000000000023f       0x39 Drivers/STM32L4xx_HAL_Driver/Src/stm32l4xx_hal.o
 .ARM.attributes
                0x0000000000000278       0x39 Drivers/STM32L4xx_HAL_Driver/Src/stm32l4xx_hal_adc.o
 .ARM.attributes
                0x00000000000002b1       0x39 Drivers/STM32L4xx_HAL_Driver/Src/stm32l4xx_hal_cortex.o
 .ARM.attributes
                0x00000000000002ea       0x39 Drivers/STM32L4xx_HAL_Driver/Src/stm32l4xx_hal_dma.o
 .ARM.attributes
                0x0000000000000323       0x39 Drivers/STM32L4xx_HAL_Driver/Src/stm32l4xx_hal_gpio.o
 .ARM.attributes
                0x000000000000035c       0x39 Drivers/STM32L4xx_HAL_Driver/Src/stm32l4xx_hal_pwr_ex.o
 .ARM.attributes
                0x0000000000000395       0x39 Drivers/STM32L4xx_HAL_Driver/Src/stm32l4xx_hal_rcc.o
 .ARM.attributes
                0x00000000000003ce       0x39 Drivers/STM32L4xx_HAL_Driver/Src/stm32l4xx_hal_rcc_ex.o
 .ARM.attributes