main.c:118:5:main	24	static
main.c:200:6:SystemClock_Config	256	static
main.c:264:13:MX_ADC1_Init	32	static
main.c:320:13:MX_USART2_UART_Init	8	static
main.c:366:13:MX_DMA_Init	16	static
main.c:385:13:MX_GPIO_Init	64	static
main.c:698:6:HAL_ADC_ConvHalfCpltCallback	24	static
main.c:707:6:HAL_ADC_ConvCpltCallback	24	static
main.c:718:6:Sender_HPT_Task	40	static
main.c:773:6:MP23ABS1_Data_Ready	16	static
main.c:785:6:Cambio_Escala_FFT	40	static
main.c:793:6:Receiver_Task	24	static
main.c:860:6:HAL_TIM_PeriodElapsedCallback	16	static
main.c:877:6:Error_Handler	4	static,ignoring_inline_asm
